Archive member included to satisfy reference by file (symbol)

app/libapp.a(main.c.obj)      (--whole-archive)
app/libapp.a(aq_service.c.obj)
                              (--whole-archive)
zephyr/libzephyr.a(cbprintf_packaged.c.obj)
                              (--whole-archive)
zephyr/libzephyr.a(dec.c.obj)
                              (--whole-archive)
zephyr/libzephyr.a(fdtable.c.obj)
                              (--whole-archive)
zephyr/libzephyr.a(hex.c.obj)
                              (--whole-archive)
zephyr/libzephyr.a(printk.c.obj)
                              (--whole-archive)
zephyr/libzephyr.a(rb.c.obj)  (--whole-archive)
zephyr/libzephyr.a(sem.c.obj)
                              (--whole-archive)
zephyr/libzephyr.a(thread_entry.c.obj)
                              (--whole-archive)
zephyr/libzephyr.a(timeutil.c.obj)
                              (--whole-archive)
zephyr/libzephyr.a(heap.c.obj)
                              (--whole-archive)
zephyr/libzephyr.a(heap-validate.c.obj)
                              (--whole-archive)
zephyr/libzephyr.a(bitarray.c.obj)
                              (--whole-archive)
zephyr/libzephyr.a(multi_heap.c.obj)
                              (--whole-archive)
zephyr/libzephyr.a(onoff.c.obj)
                              (--whole-archive)
zephyr/libzephyr.a(notify.c.obj)
                              (--whole-archive)
zephyr/libzephyr.a(crc32c_sw.c.obj)
                              (--whole-archive)
zephyr/libzephyr.a(crc32_sw.c.obj)
                              (--whole-archive)
zephyr/libzephyr.a(crc16_sw.c.obj)
                              (--whole-archive)
zephyr/libzephyr.a(crc8_sw.c.obj)
                              (--whole-archive)
zephyr/libzephyr.a(crc7_sw.c.obj)
                              (--whole-archive)
zephyr/libzephyr.a(cbprintf_complete.c.obj)
                              (--whole-archive)
zephyr/libzephyr.a(cbprintf.c.obj)
                              (--whole-archive)
zephyr/libzephyr.a(assert.c.obj)
                              (--whole-archive)
zephyr/libzephyr.a(configs.c.obj)
                              (--whole-archive)
zephyr/libzephyr.a(soc_nrf_common.S.obj)
                              (--whole-archive)
zephyr/libzephyr.a(validate_base_addresses.c.obj)
                              (--whole-archive)
zephyr/libzephyr.a(validate_enabled_instances.c.obj)
                              (--whole-archive)
zephyr/libzephyr.a(pm.c.obj)  (--whole-archive)
zephyr/libzephyr.a(policy.c.obj)
                              (--whole-archive)
zephyr/libzephyr.a(state.c.obj)
                              (--whole-archive)
zephyr/libzephyr.a(tracing_none.c.obj)
                              (--whole-archive)
zephyr/libzephyr.a(dis.c.obj)
                              (--whole-archive)
zephyr/libzephyr.a(addr_utils.c.obj)
                              (--whole-archive)
zephyr/libzephyr.a(utils.c.obj)
                              (--whole-archive)
zephyr/libzephyr.a(aes_decrypt.c.obj)
                              (--whole-archive)
zephyr/libzephyr.a(aes_encrypt.c.obj)
                              (--whole-archive)
zephyr/libzephyr.a(cmac_mode.c.obj)
                              (--whole-archive)
zephyr/arch/common/libarch__common.a(sw_isr_common.c.obj)
                              (--whole-archive)
zephyr/arch/arch/arm/core/aarch32/libarch__arm__core__aarch32.a(cpu_idle.S.obj)
                              (--whole-archive)
zephyr/arch/arch/arm/core/aarch32/libarch__arm__core__aarch32.a(fatal.c.obj)
                              (--whole-archive)
zephyr/arch/arch/arm/core/aarch32/libarch__arm__core__aarch32.a(irq_manage.c.obj)
                              (--whole-archive)
zephyr/arch/arch/arm/core/aarch32/libarch__arm__core__aarch32.a(nmi.c.obj)
                              (--whole-archive)
zephyr/arch/arch/arm/core/aarch32/libarch__arm__core__aarch32.a(nmi_on_reset.S.obj)
                              (--whole-archive)
zephyr/arch/arch/arm/core/aarch32/libarch__arm__core__aarch32.a(prep_c.c.obj)
                              (--whole-archive)
zephyr/arch/arch/arm/core/aarch32/libarch__arm__core__aarch32.a(swap.c.obj)
                              (--whole-archive)
zephyr/arch/arch/arm/core/aarch32/libarch__arm__core__aarch32.a(swap_helper.S.obj)
                              (--whole-archive)
zephyr/arch/arch/arm/core/aarch32/libarch__arm__core__aarch32.a(thread.c.obj)
                              (--whole-archive)
zephyr/arch/arch/arm/core/aarch32/libarch__arm__core__aarch32.a(isr_wrapper.S.obj)
                              (--whole-archive)
zephyr/arch/arch/arm/core/aarch32/cortex_m/libarch__arm__core__aarch32__cortex_m.a(exc_exit.S.obj)
                              (--whole-archive)
zephyr/arch/arch/arm/core/aarch32/cortex_m/libarch__arm__core__aarch32__cortex_m.a(fault.c.obj)
                              (--whole-archive)
zephyr/arch/arch/arm/core/aarch32/cortex_m/libarch__arm__core__aarch32__cortex_m.a(fault_s.S.obj)
[...]
Memory Configuration

Name             Origin             Length             Attributes
FLASH            0x0000000000000000 0x0000000000080000 xr
RAM              0x0000000020000000 0x0000000000010000 xw
IDT_LIST         0x00000000fffff7ff 0x0000000000000800 xw
*default*        0x0000000000000000 0xffffffffffffffff

Linker script and memory map

LOAD zephyr/CMakeFiles/zephyr_pre1.dir/misc/empty_file.c.obj
LOAD zephyr/CMakeFiles/zephyr_pre1.dir/dev_handles.c.obj
LOAD zephyr/CMakeFiles/offsets.dir/./arch/arm/core/offsets/offsets.c.obj
                0x0000000000000020                _region_min_align = 0x20

.rel.plt        0x0000000000000000        0x0
 *(SORT_BY_ALIGNMENT(.rel.plt))
                [!provide]                        PROVIDE (__rel_iplt_start = .)
 *(SORT_BY_ALIGNMENT(.rel.iplt))
 .rel.iplt      0x0000000000000000        0x0 app/libapp.a(main.c.obj)
                [!provide]                        PROVIDE (__rel_iplt_end = .)

.rela.plt       0x0000000000000000        0x0
 *(SORT_BY_ALIGNMENT(.rela.plt))
                [!provide]                        PROVIDE (__rela_iplt_start = .)
 *(SORT_BY_ALIGNMENT(.rela.iplt))
                [!provide]                        PROVIDE (__rela_iplt_end = .)

.rel.dyn
 *(SORT_BY_ALIGNMENT(.rel.*))

.rela.dyn
 *(SORT_BY_ALIGNMENT(.rela.*))

/DISCARD/
 *(SORT_BY_ALIGNMENT(.plt))

/DISCARD/
 *(SORT_BY_ALIGNMENT(.iplt))
                0x0000000000000000                __rom_region_start = 0x0

rom_start       0x0000000000000000       0xdc
                0x0000000000000000                . = (. + 0x0)
                0x0000000000000000                . = ALIGN (0x4)
                0x0000000000000000                . = ALIGN (0x80)
                0x0000000000000000                . = ALIGN (0x100)
                0x0000000000000000                _vector_start = .
 *(SORT_BY_ALIGNMENT(.exc_vector_table))
 *(SORT_BY_ALIGNMENT(.exc_vector_table.*))
 .exc_vector_table._vector_table_section
                0x0000000000000000       0x40 zephyr/arch/arch/arm/core/aarch32/cortex_m/libarch__arm__core__aarch32__cortex_m.a(vector_table.S.obj)
                0x0000000000000000                _vector_table
 *(SORT_BY_ALIGNMENT(.vectors))
                0x00000000000000dc                _vector_end = .
                0x0000000000000040                . = ALIGN (0x4)
 *(SORT_BY_ALIGNMENT(.gnu.linkonce.irq_vector_table*))
 .gnu.linkonce.irq_vector_table
                0x0000000000000040       0x9c zephyr/arch/common/libisr_tables.a(isr_tables.c.obj)
                0x0000000000000040                _irq_vector_table
                0x00000000000000dc                _vector_end = .

text            0x00000000000000e0    0x1addc
                0x00000000000000e0                __text_region_start = .
 *(SORT_BY_ALIGNMENT(.text))
 .text          0x00000000000000e0       0x30 /home/user/zephyr-sdk-0.16.0/arm-zephyr-eabi/bin/../lib/gcc/arm-zephyr-eabi/12.2.0/thumb/v7e-m/nofp/libgcc.a(_aeabi_uldivmod.o)
                0x00000000000000e0                __aeabi_uldivmod
 .text          0x0000000000000110        0x4 /home/user/zephyr-sdk-0.16.0/arm-zephyr-eabi/bin/../lib/gcc/arm-zephyr-eabi/12.2.0/thumb/v7e-m/nofp/libgcc.a(_dvmd_tls.o)
                0x0000000000000110                __aeabi_ldiv0
                0x0000000000000110                __aeabi_idiv0
 .text          0x0000000000000114      0x2a0 /home/user/zephyr-sdk-0.16.0/arm-zephyr-eabi/bin/../lib/gcc/arm-zephyr-eabi/12.2.0/thumb/v7e-m/nofp/libgcc.a(_udivmoddi4.o)
                0x0000000000000114                __udivmoddi4
 *(SORT_BY_ALIGNMENT(.text.*))
 *fill*         0x00000000000003b4        0x4 
 .text.ull_drift_ticks_get
                0x00000000000003b8       0x94 zephyr/subsys/bluetooth/controller/libsubsys__bluetooth__controller.a(ull.c.obj)
                0x00000000000003b8                ull_drift_ticks_get
 *fill*         0x000000000000044c        0x4 
 .text.ll_adv_enable
                0x0000000000000450      0x354 zephyr/subsys/bluetooth/controller/libsubsys__bluetooth__controller.a(ull_adv.c.obj)
                0x0000000000000450                ll_adv_enable
 *fill*         0x00000000000007a4        0x4 
 .text.ull_adv_time_update
                0x00000000000007a8       0xb0 zephyr/subsys/bluetooth/controller/libsubsys__bluetooth__controller.a(ull_adv.c.obj)
                0x00000000000007a8                ull_adv_time_update
 .text.ull_conn_update_ticker.constprop.0
                0x0000000000000858      0x12c zephyr/subsys/bluetooth/controller/libsubsys__bluetooth__controller.a(ull_conn.c.obj)
 *fill*         0x0000000000000984        0x4 
 .text.ull_conn_done
                0x0000000000000988      0x394 zephyr/subsys/bluetooth/controller/libsubsys__bluetooth__controller.a(ull_conn.c.obj)
                0x0000000000000988                ull_conn_done
 *fill*         0x0000000000000d1c        0x4 
 .text.ull_conn_update_parameters
                0x0000000000000d20      0x214 zephyr/subsys/bluetooth/controller/libsubsys__bluetooth__controller.a(ull_conn.c.obj)
                0x0000000000000d20                ull_conn_update_parameters
 *fill*         0x0000000000000f34        0x4 
 .text.ull_periph_setup
                0x0000000000000f38      0x3ec zephyr/subsys/bluetooth/controller/libsubsys__bluetooth__controller.a(ull_peripheral.c.obj)
                0x0000000000000f38                ull_periph_setup
 *fill*         0x0000000000001324        0x4 
 .text.lll_preempt_calc
                0x0000000000001328       0x80 zephyr/subsys/bluetooth/controller/libsubsys__bluetooth__controller.a(lll.c.obj)
                0x0000000000001328                lll_preempt_calc
 .text.disconnected
                0x00000000000013a8        0xc app/libapp.a(main.c.obj)
 .text.connected
                0x00000000000013b4       0x18 app/libapp.a(main.c.obj)
 .text.led_thread
                0x00000000000013cc       0x44 app/libapp.a(main.c.obj)
 .text.main     0x0000000000001410       0x7c app/libapp.a(main.c.obj)
                0x0000000000001410                main
 .text.write_aq
                0x000000000000148c       0x30 app/libapp.a(aq_service.c.obj)
 .text.read_aq  0x00000000000014bc       0x1c app/libapp.a(aq_service.c.obj)
 .text.aqs_init
                0x00000000000014d8       0x3c app/libapp.a(aq_service.c.obj)
                0x00000000000014d8                aqs_init
 .text.aqs_notify
                0x0000000000001514       0x40 app/libapp.a(aq_service.c.obj)
                0x0000000000001514                aqs_notify
 .text.char_out
                0x0000000000001554        0xc zephyr/libzephyr.a(printk.c.obj)
 .text.__printk_hook_install
                0x0000000000001560        0xc zephyr/libzephyr.a(printk.c.obj)
                0x0000000000001560                __printk_hook_install
 .text.vprintk  0x000000000000156c       0x1c zephyr/libzephyr.a(printk.c.obj)
                0x000000000000156c                vprintk
 .text.process_event
                0x0000000000001588      0x21c zephyr/libzephyr.a(onoff.c.obj)
 .text.z_cbvprintf_impl
                0x00000000000017a4      0x764 zephyr/libzephyr.a(cbprintf_complete.c.obj)
                0x00000000000017a4                z_cbvprintf_impl
 .text.z_arm_platform_init
                0x0000000000001f08        0x4 zephyr/libzephyr.a(soc_nrf_common.S.obj)
                0x0000000000001f08                z_arm_platform_init
 .text.pm_state_notify
                0x0000000000001f0c       0x5c zephyr/libzephyr.a(pm.c.obj)
 .text.pm_system_resume
                0x0000000000001f68       0x78 zephyr/libzephyr.a(pm.c.obj)
                0x0000000000001f68                pm_system_resume
 .text.pm_system_suspend
                0x0000000000001fe0       0xf8 zephyr/libzephyr.a(pm.c.obj)
                0x0000000000001fe0                pm_system_suspend
 .text.pm_policy_next_state
                0x00000000000020d8       0x94 zephyr/libzephyr.a(policy.c.obj)
                0x00000000000020d8                pm_policy_next_state
 .text.pm_state_cpu_get_all
                0x000000000000216c       0x10 zephyr/libzephyr.a(state.c.obj)
                0x000000000000216c                pm_state_cpu_get_all
 .text.read_pnp_id
                0x000000000000217c       0x1c zephyr/libzephyr.a(dis.c.obj)
 .text.sub_bytes
                0x0000000000002198       0x18 zephyr/libzephyr.a(aes_encrypt.c.obj)
 .text.tc_aes128_set_encrypt_key
                0x00000000000021b0       0xa4 zephyr/libzephyr.a(aes_encrypt.c.obj)
                0x00000000000021b0                tc_aes128_set_encrypt_key
 .text.z_arm_cpu_idle_init
                0x0000000000002254        0xc zephyr/arch/arch/arm/core/aarch32/libarch__arm__core__aarch32.a(cpu_idle.S.obj)
                0x0000000000002254                z_arm_cpu_idle_init
 .text.arch_cpu_idle
                0x0000000000002260       0x1c zephyr/arch/arch/arm/core/aarch32/libarch__arm__core__aarch32.a(cpu_idle.S.obj)
                0x0000000000002260                arch_cpu_idle
 .text.arch_cpu_atomic_idle
                0x000000000000227c       0x18 zephyr/arch/arch/arm/core/aarch32/libarch__arm__core__aarch32.a(cpu_idle.S.obj)
                0x000000000000227c                arch_cpu_atomic_idle
 .text.arch_irq_enable
                0x0000000000002294       0x1c zephyr/arch/arch/arm/core/aarch32/libarch__arm__core__aarch32.a(irq_manage.c.obj)
                0x0000000000002294                arch_irq_enable
 .text.arch_irq_disable
                0x00000000000022b0       0x28 zephyr/arch/arch/arm/core/aarch32/libarch__arm__core__aarch32.a(irq_manage.c.obj)
                0x00000000000022b0                arch_irq_disable
 .text.arch_irq_is_enabled
                0x00000000000022d8       0x1c zephyr/arch/arch/arm/core/aarch32/libarch__arm__core__aarch32.a(irq_manage.c.obj)
                0x00000000000022d8                arch_irq_is_enabled
 .text.z_arm_irq_priority_set
                0x00000000000022f4       0x30 zephyr/arch/arch/arm/core/aarch32/libarch__arm__core__aarch32.a(irq_manage.c.obj)
                0x00000000000022f4                z_arm_irq_priority_set
 .text._arch_isr_direct_pm
                0x0000000000002324       0x1c zephyr/arch/arch/arm/core/aarch32/libarch__arm__core__aarch32.a(irq_manage.c.obj)
                0x0000000000002324                _arch_isr_direct_pm
 .text.z_SysNmiOnReset
                0x0000000000002340        0x8 zephyr/arch/arch/arm/core/aarch32/libarch__arm__core__aarch32.a(nmi_on_reset.S.obj)
                0x0000000000002340                z_SysNmiOnReset
 .text.z_arm_prep_c
                0x0000000000002348       0x48 zephyr/arch/arch/arm/core/aarch32/libarch__arm__core__aarch32.a(prep_c.c.obj)
                0x0000000000002348                z_arm_prep_c
 .text.arch_swap
                0x0000000000002390       0x34 zephyr/arch/arch/arm/core/aarch32/libarch__arm__core__aarch32.a(swap.c.obj)
                0x0000000000002390                arch_swap
 .text.z_arm_pendsv
                0x00000000000023c4       0x54 zephyr/arch/arch/arm/core/aarch32/libarch__arm__core__aarch32.a(swap_helper.S.obj)
                0x00000000000023c4                z_arm_pendsv
 .text.z_arm_svc
                0x0000000000002418       0x20 zephyr/arch/arch/arm/core/aarch32/libarch__arm__core__aarch32.a(swap_helper.S.obj)
                0x0000000000002418                z_arm_svc
 .text.arch_new_thread
                0x0000000000002438       0x38 zephyr/arch/arch/arm/core/aarch32/libarch__arm__core__aarch32.a(thread.c.obj)
                0x0000000000002438                arch_new_thread
 .text.z_check_thread_stack_fail
                0x0000000000002470       0x2c zephyr/arch/arch/arm/core/aarch32/libarch__arm__core__aarch32.a(thread.c.obj)
                0x0000000000002470                z_check_thread_stack_fail
 .text.arch_switch_to_main_thread
                0x000000000000249c       0x2c zephyr/arch/arch/arm/core/aarch32/libarch__arm__core__aarch32.a(thread.c.obj)
                0x000000000000249c                arch_switch_to_main_thread
 .text._isr_wrapper
                0x00000000000024c8       0x40 zephyr/arch/arch/arm/core/aarch32/libarch__arm__core__aarch32.a(isr_wrapper.S.obj)
                0x00000000000024c8                _isr_wrapper
 .text._HandlerModeExit
                0x0000000000002508       0x1c zephyr/arch/arch/arm/core/aarch32/cortex_m/libarch__arm__core__aarch32__cortex_m.a(exc_exit.S.obj)
                0x0000000000002508                z_arm_exc_exit
                0x0000000000002508                z_arm_int_exit
 .text.mem_manage_fault
                0x0000000000002524       0xa0 zephyr/arch/arch/arm/core/aarch32/cortex_m/libarch__arm__core__aarch32__cortex_m.a(fault.c.obj)
 .text.usage_fault.constprop.0
                0x00000000000025c4       0x54 zephyr/arch/arch/arm/core/aarch32/cortex_m/libarch__arm__core__aarch32__cortex_m.a(fault.c.obj)
 .text.bus_fault.constprop.0
                0x0000000000002618       0x6c zephyr/arch/arch/arm/core/aarch32/cortex_m/libarch__arm__core__aarch32__cortex_m.a(fault.c.obj)
 .text.z_arm_fault
                0x0000000000002684      0x11c zephyr/arch/arch/arm/core/aarch32/cortex_m/libarch__arm__core__aarch32__cortex_m.a(fault.c.obj)
                0x0000000000002684                z_arm_fault
 .text.z_arm_fault_init
                0x00000000000027a0       0x10 zephyr/arch/arch/arm/core/aarch32/cortex_m/libarch__arm__core__aarch32__cortex_m.a(fault.c.obj)
                0x00000000000027a0                z_arm_fault_init
 .text.__fault  0x00000000000027b0       0x14 zephyr/arch/arch/arm/core/aarch32/cortex_m/libarch__arm__core__aarch32__cortex_m.a(fault_s.S.obj)
                0x00000000000027b0                z_arm_bus_fault
                0x00000000000027b0                z_arm_usage_fault
                0x00000000000027b0                z_arm_mpu_fault
                0x00000000000027b0                z_arm_exc_spurious
                0x00000000000027b0                z_arm_debug_monitor
                0x00000000000027b0                z_arm_hard_fault
 .text.z_arm_interrupt_init
                0x00000000000027c4       0x18 zephyr/arch/arch/arm/core/aarch32/cortex_m/libarch__arm__core__aarch32__cortex_m.a(irq_init.c.obj)
                0x00000000000027c4                z_arm_interrupt_init
 .text._reset_section
                0x00000000000027dc       0x30 zephyr/arch/arch/arm/core/aarch32/cortex_m/libarch__arm__core__aarch32__cortex_m.a(reset.S.obj)
                0x00000000000027dc                z_arm_reset
                0x00000000000027dc                __start
 .text.z_impl_k_thread_abort
                0x000000000000280c       0x2c zephyr/arch/arch/arm/core/aarch32/cortex_m/libarch__arm__core__aarch32__cortex_m.a(thread_abort.c.obj)
                0x000000000000280c                z_impl_k_thread_abort
 .text.z_arm_configure_static_mpu_regions
                0x0000000000002838       0x18 zephyr/arch/arch/arm/core/aarch32/mpu/libarch__arm__core__aarch32__mpu.a(arm_core_mpu.c.obj)
                0x0000000000002838                z_arm_configure_static_mpu_regions
 .text.z_arm_configure_dynamic_mpu_regions
                0x0000000000002850       0x20 zephyr/arch/arch/arm/core/aarch32/mpu/libarch__arm__core__aarch32__mpu.a(arm_core_mpu.c.obj)
                0x0000000000002850                z_arm_configure_dynamic_mpu_regions
 .text.mpu_configure_regions
                0x0000000000002870       0x88 zephyr/arch/arch/arm/core/aarch32/mpu/libarch__arm__core__aarch32__mpu.a(arm_mpu.c.obj)
 .text.arm_core_mpu_enable
                0x00000000000028f8       0x18 zephyr/arch/arch/arm/core/aarch32/mpu/libarch__arm__core__aarch32__mpu.a(arm_mpu.c.obj)
                0x00000000000028f8                arm_core_mpu_enable
 .text.arm_core_mpu_disable
                0x0000000000002910       0x14 zephyr/arch/arch/arm/core/aarch32/mpu/libarch__arm__core__aarch32__mpu.a(arm_mpu.c.obj)
                0x0000000000002910                arm_core_mpu_disable
 .text.arm_core_mpu_configure_static_mpu_regions
                0x0000000000002924       0x14 zephyr/arch/arch/arm/core/aarch32/mpu/libarch__arm__core__aarch32__mpu.a(arm_mpu.c.obj)
                0x0000000000002924                arm_core_mpu_configure_static_mpu_regions
 .text.arm_core_mpu_configure_dynamic_mpu_regions
                0x0000000000002938       0x30 zephyr/arch/arch/arm/core/aarch32/mpu/libarch__arm__core__aarch32__mpu.a(arm_mpu.c.obj)
                0x0000000000002938                arm_core_mpu_configure_dynamic_mpu_regions
 .text.z_arm_mpu_init
                0x0000000000002968       0x60 zephyr/arch/arch/arm/core/aarch32/mpu/libarch__arm__core__aarch32__mpu.a(arm_mpu.c.obj)
                0x0000000000002968                z_arm_mpu_init
 .text.__stdout_hook_install
                0x00000000000029c8        0xc zephyr/lib/libc/minimal/liblib__libc__minimal.a(stdout_console.c.obj)
                0x00000000000029c8                __stdout_hook_install
 .text.nordicsemi_nrf52_init
                0x00000000000029d4       0x28 zephyr/soc/arm/nordic_nrf/nrf52/libsoc__arm__nordic_nrf__nrf52.a(soc.c.obj)
 .text.arch_busy_wait
                0x00000000000029fc       0x14 zephyr/soc/arm/nordic_nrf/nrf52/libsoc__arm__nordic_nrf__nrf52.a(soc.c.obj)
                0x00000000000029fc                arch_busy_wait
 .text.xoshiro128_initialize
                0x0000000000002a10       0x18 zephyr/subsys/random/libsubsys__random.a(rand32_xoshiro128.c.obj)
 .text.long_wq_init
                0x0000000000002a28       0x38 zephyr/subsys/bluetooth/host/libsubsys__bluetooth__host.a(long_wq.c.obj)
 .text.bt_long_wq_schedule
                0x0000000000002a60        0xc zephyr/subsys/bluetooth/host/libsubsys__bluetooth__host.a(long_wq.c.obj)
                0x0000000000002a60                bt_long_wq_schedule
 .text.uuid_to_uuid128
                0x0000000000002a6c       0x6c zephyr/subsys/bluetooth/host/libsubsys__bluetooth__host.a(uuid.c.obj)
 .text.bt_buf_get_rx
                0x0000000000002ad8       0x20 zephyr/subsys/bluetooth/host/libsubsys__bluetooth__host.a(buf.c.obj)
                0x0000000000002ad8                bt_buf_get_rx
 .text.bt_buf_get_cmd_complete
                0x0000000000002af8       0x34 zephyr/subsys/bluetooth/host/libsubsys__bluetooth__host.a(buf.c.obj)
                0x0000000000002af8                bt_buf_get_cmd_complete
 .text.bt_buf_get_evt
                0x0000000000002b2c       0x58 zephyr/subsys/bluetooth/host/libsubsys__bluetooth__host.a(buf.c.obj)
                0x0000000000002b2c                bt_buf_get_evt
 .text.hci_disconn_complete_prio
                0x0000000000002b84       0x3c zephyr/subsys/bluetooth/host/libsubsys__bluetooth__host.a(hci_core.c.obj)
 .text.find_pending_connect.part.0
                0x0000000000002bc0       0x2c zephyr/subsys/bluetooth/host/libsubsys__bluetooth__host.a(hci_core.c.obj)
 .text.hci_le_meta_event
                0x0000000000002bec       0x20 zephyr/subsys/bluetooth/host/libsubsys__bluetooth__host.a(hci_core.c.obj)
 .text.hci_cmd_done
                0x0000000000002c0c       0xbc zephyr/subsys/bluetooth/host/libsubsys__bluetooth__host.a(hci_core.c.obj)
 .text.hci_cmd_status
                0x0000000000002cc8       0x2c zephyr/subsys/bluetooth/host/libsubsys__bluetooth__host.a(hci_core.c.obj)
 .text.hci_cmd_complete
                0x0000000000002cf4       0x30 zephyr/subsys/bluetooth/host/libsubsys__bluetooth__host.a(hci_core.c.obj)
 .text.bt_hci_cmd_state_set_init
                0x0000000000002d24       0x24 zephyr/subsys/bluetooth/host/libsubsys__bluetooth__host.a(hci_core.c.obj)
                0x0000000000002d24                bt_hci_cmd_state_set_init
 .text.bt_hci_cmd_create
                0x0000000000002d48       0x74 zephyr/subsys/bluetooth/host/libsubsys__bluetooth__host.a(hci_core.c.obj)
                0x0000000000002d48                bt_hci_cmd_create
 .text.bt_hci_cmd_send_sync
                0x0000000000002dbc       0xd0 zephyr/subsys/bluetooth/host/libsubsys__bluetooth__host.a(hci_core.c.obj)
                0x0000000000002dbc                bt_hci_cmd_send_sync
 .text.bt_hci_le_rand
                0x0000000000002e8c       0x58 zephyr/subsys/bluetooth/host/libsubsys__bluetooth__host.a(hci_core.c.obj)
                0x0000000000002e8c                bt_hci_le_rand
 .text.bt_hci_le_enh_conn_complete
                0x0000000000002ee4      0x204 zephyr/subsys/bluetooth/host/libsubsys__bluetooth__host.a(hci_core.c.obj)
                0x0000000000002ee4                bt_hci_le_enh_conn_complete
 .text.le_legacy_conn_complete
                0x00000000000030e8       0x6c zephyr/subsys/bluetooth/host/libsubsys__bluetooth__host.a(hci_core.c.obj)
 .text.bt_send  0x0000000000003154       0x10 zephyr/subsys/bluetooth/host/libsubsys__bluetooth__host.a(hci_core.c.obj)
                0x0000000000003154                bt_send
 .text.bt_hci_cmd_send
                0x0000000000003164       0x44 zephyr/subsys/bluetooth/host/libsubsys__bluetooth__host.a(hci_core.c.obj)
                0x0000000000003164                bt_hci_cmd_send
 .text.hci_tx_thread
                0x00000000000031a8      0x11c zephyr/subsys/bluetooth/host/libsubsys__bluetooth__host.a(hci_core.c.obj)
 .text.hci_event_prio
                0x00000000000032c4       0xa4 zephyr/subsys/bluetooth/host/libsubsys__bluetooth__host.a(hci_core.c.obj)
                0x00000000000032c4                hci_event_prio
 .text.bt_recv  0x0000000000003368       0xf4 zephyr/subsys/bluetooth/host/libsubsys__bluetooth__host.a(hci_core.c.obj)
                0x0000000000003368                bt_recv
 .text.bt_recv_prio
                0x000000000000345c       0x3c zephyr/subsys/bluetooth/host/libsubsys__bluetooth__host.a(hci_core.c.obj)
                0x000000000000345c                bt_recv_prio
 .text.bt_hci_driver_register
                0x0000000000003498       0x28 zephyr/subsys/bluetooth/host/libsubsys__bluetooth__host.a(hci_core.c.obj)
                0x0000000000003498                bt_hci_driver_register
 .text.bt_finalize_init
                0x00000000000034c0        0xc zephyr/subsys/bluetooth/host/libsubsys__bluetooth__host.a(hci_core.c.obj)
                0x00000000000034c0                bt_finalize_init
 .text.bt_init  0x00000000000034cc      0x398 zephyr/subsys/bluetooth/host/libsubsys__bluetooth__host.a(hci_core.c.obj)
 .text.init_work
                0x0000000000003864       0x18 zephyr/subsys/bluetooth/host/libsubsys__bluetooth__host.a(hci_core.c.obj)
 .text.bt_enable
                0x000000000000387c       0xb4 zephyr/subsys/bluetooth/host/libsubsys__bluetooth__host.a(hci_core.c.obj)
                0x000000000000387c                bt_enable
 .text.bt_is_ready
                0x0000000000003930       0x18 zephyr/subsys/bluetooth/host/libsubsys__bluetooth__host.a(hci_core.c.obj)
                0x0000000000003930                bt_is_ready
 .text.bt_get_name
                0x0000000000003948        0x8 zephyr/subsys/bluetooth/host/libsubsys__bluetooth__host.a(hci_core.c.obj)
                0x0000000000003948                bt_get_name
 .text.id_find  0x0000000000003950       0x30 zephyr/subsys/bluetooth/host/libsubsys__bluetooth__host.a(id.c.obj)
 .text.set_random_address
                0x0000000000003980       0x58 zephyr/subsys/bluetooth/host/libsubsys__bluetooth__host.a(id.c.obj)
 .text.id_create.constprop.0
                0x00000000000039d8       0x64 zephyr/subsys/bluetooth/host/libsubsys__bluetooth__host.a(id.c.obj)
 .text.bt_id_create
                0x0000000000003a3c       0x8c zephyr/subsys/bluetooth/host/libsubsys__bluetooth__host.a(id.c.obj)
                0x0000000000003a3c                bt_id_create
 .text.bt_id_read_public_addr
                0x0000000000003ac8       0x60 zephyr/subsys/bluetooth/host/libsubsys__bluetooth__host.a(id.c.obj)
                0x0000000000003ac8                bt_id_read_public_addr
 .text.bt_setup_public_id_addr
                0x0000000000003b28       0x20 zephyr/subsys/bluetooth/host/libsubsys__bluetooth__host.a(id.c.obj)
                0x0000000000003b28                bt_setup_public_id_addr
 .text.bt_read_static_addr
                0x0000000000003b48       0x64 zephyr/subsys/bluetooth/host/libsubsys__bluetooth__host.a(id.c.obj)
                0x0000000000003b48                bt_read_static_addr
 .text.bt_setup_random_id_addr
                0x0000000000003bac       0x5c zephyr/subsys/bluetooth/host/libsubsys__bluetooth__host.a(id.c.obj)
                0x0000000000003bac                bt_setup_random_id_addr
 .text.bt_id_set_adv_own_addr
                0x0000000000003c08       0xb4 zephyr/subsys/bluetooth/host/libsubsys__bluetooth__host.a(id.c.obj)
                0x0000000000003c08                bt_id_set_adv_own_addr
 .text.bt_id_init
                0x0000000000003cbc       0x30 zephyr/subsys/bluetooth/host/libsubsys__bluetooth__host.a(id.c.obj)
                0x0000000000003cbc                bt_id_init
 .text.valid_adv_param
                0x0000000000003cec       0x84 zephyr/subsys/bluetooth/host/libsubsys__bluetooth__host.a(adv.c.obj)
 .text.adv_is_directed
                0x0000000000003d70       0x18 zephyr/subsys/bluetooth/host/libsubsys__bluetooth__host.a(adv.c.obj)
 .text.le_adv_start_add_conn
                0x0000000000003d88       0x60 zephyr/subsys/bluetooth/host/libsubsys__bluetooth__host.a(adv.c.obj)
 .text.bt_le_adv_lookup_legacy
                0x0000000000003de8        0x8 zephyr/subsys/bluetooth/host/libsubsys__bluetooth__host.a(adv.c.obj)
                0x0000000000003de8                bt_le_adv_lookup_legacy
 .text.bt_le_adv_start_legacy
                0x0000000000003df0      0x258 zephyr/subsys/bluetooth/host/libsubsys__bluetooth__host.a(adv.c.obj)
                0x0000000000003df0                bt_le_adv_start_legacy
 .text.bt_le_adv_start
                0x0000000000004048       0x64 zephyr/subsys/bluetooth/host/libsubsys__bluetooth__host.a(adv.c.obj)
                0x0000000000004048                bt_le_adv_start
 .text.bt_le_adv_stop
                0x00000000000040ac       0x78 zephyr/subsys/bluetooth/host/libsubsys__bluetooth__host.a(adv.c.obj)
                0x00000000000040ac                bt_le_adv_stop
 .text.bt_le_adv_resume
                0x0000000000004124       0xd4 zephyr/subsys/bluetooth/host/libsubsys__bluetooth__host.a(adv.c.obj)
                0x0000000000004124                bt_le_adv_resume
 .text.notify_connected
                0x00000000000041f8       0x3c zephyr/subsys/bluetooth/host/libsubsys__bluetooth__host.a(conn.c.obj)
 .text.tx_notify
                0x0000000000004234       0x60 zephyr/subsys/bluetooth/host/libsubsys__bluetooth__host.a(conn.c.obj)
 .text.conn_tx_destroy
                0x0000000000004294       0x2c zephyr/subsys/bluetooth/host/libsubsys__bluetooth__host.a(conn.c.obj)
 .text.send_frag
                0x00000000000042c0      0x188 zephyr/subsys/bluetooth/host/libsubsys__bluetooth__host.a(conn.c.obj)
 .text.bt_conn_get_pkts
                0x0000000000004448       0x18 zephyr/subsys/bluetooth/host/libsubsys__bluetooth__host.a(conn.c.obj)
                0x0000000000004448                bt_conn_get_pkts
 .text.bt_conn_new
                0x0000000000004460       0x64 zephyr/subsys/bluetooth/host/libsubsys__bluetooth__host.a(conn.c.obj)
                0x0000000000004460                bt_conn_new
 .text.bt_conn_send_cb
                0x00000000000044c4       0x88 zephyr/subsys/bluetooth/host/libsubsys__bluetooth__host.a(conn.c.obj)
                0x00000000000044c4                bt_conn_send_cb
 .text.bt_conn_prepare_events
                0x000000000000454c       0xa4 zephyr/subsys/bluetooth/host/libsubsys__bluetooth__host.a(conn.c.obj)
                0x000000000000454c                bt_conn_prepare_events
 .text.bt_conn_lookup_handle
                0x00000000000045f0       0x10 zephyr/subsys/bluetooth/host/libsubsys__bluetooth__host.a(conn.c.obj)
                0x00000000000045f0                bt_conn_lookup_handle
 .text.bt_conn_set_state
                0x0000000000004600      0x17c zephyr/subsys/bluetooth/host/libsubsys__bluetooth__host.a(conn.c.obj)
                0x0000000000004600                bt_conn_set_state
 .text.bt_conn_index
                0x000000000000477c       0x18 zephyr/subsys/bluetooth/host/libsubsys__bluetooth__host.a(conn.c.obj)
                0x000000000000477c                bt_conn_index
 .text.bt_conn_create_pdu_timeout
                0x0000000000004794       0x24 zephyr/subsys/bluetooth/host/libsubsys__bluetooth__host.a(conn.c.obj)
                0x0000000000004794                bt_conn_create_pdu_timeout
 .text.notify_le_param_updated
                0x00000000000047b8       0x98 zephyr/subsys/bluetooth/host/libsubsys__bluetooth__host.a(conn.c.obj)
                0x00000000000047b8                notify_le_param_updated
 .text.le_param_req
                0x0000000000004850       0x74 zephyr/subsys/bluetooth/host/libsubsys__bluetooth__host.a(conn.c.obj)
                0x0000000000004850                le_param_req
 .text.bt_conn_add_le
                0x00000000000048c4       0x34 zephyr/subsys/bluetooth/host/libsubsys__bluetooth__host.a(conn.c.obj)
                0x00000000000048c4                bt_conn_add_le
 .text.bt_conn_lookup_addr_le
                0x00000000000048f8       0x34 zephyr/subsys/bluetooth/host/libsubsys__bluetooth__host.a(conn.c.obj)
                0x00000000000048f8                bt_conn_lookup_addr_le
 .text.bt_conn_lookup_state_le
                0x000000000000492c       0x44 zephyr/subsys/bluetooth/host/libsubsys__bluetooth__host.a(conn.c.obj)
                0x000000000000492c                bt_conn_lookup_state_le
 .text.send_conn_le_param_update
                0x0000000000004970       0x6c zephyr/subsys/bluetooth/host/libsubsys__bluetooth__host.a(conn.c.obj)
 .text.deferred_work
                0x00000000000049dc       0xf8 zephyr/subsys/bluetooth/host/libsubsys__bluetooth__host.a(conn.c.obj)
 .text.bt_conn_create_frag_timeout
                0x0000000000004ad4        0xc zephyr/subsys/bluetooth/host/libsubsys__bluetooth__host.a(conn.c.obj)
                0x0000000000004ad4                bt_conn_create_frag_timeout
 .text.bt_conn_process_tx
                0x0000000000004ae0      0x11c zephyr/subsys/bluetooth/host/libsubsys__bluetooth__host.a(conn.c.obj)
                0x0000000000004ae0                bt_conn_process_tx
 .text.bt_conn_init
                0x0000000000004bfc       0x44 zephyr/subsys/bluetooth/host/libsubsys__bluetooth__host.a(conn.c.obj)
                0x0000000000004bfc                bt_conn_init
 .text.l2cap_accept
                0x0000000000004c40       0x1c zephyr/subsys/bluetooth/host/libsubsys__bluetooth__host.a(l2cap.c.obj)
 .text.bt_l2cap_connected
                0x0000000000004c5c       0x9c zephyr/subsys/bluetooth/host/libsubsys__bluetooth__host.a(l2cap.c.obj)
                0x0000000000004c5c                bt_l2cap_connected
 .text.bt_l2cap_update_conn_param
                0x0000000000004cf8       0x64 zephyr/subsys/bluetooth/host/libsubsys__bluetooth__host.a(l2cap.c.obj)
                0x0000000000004cf8                bt_l2cap_update_conn_param
 .text.att_op_get_type
                0x0000000000004d5c       0x74 zephyr/subsys/bluetooth/host/libsubsys__bluetooth__host.a(att.c.obj)
 .text.bt_att_released
                0x0000000000004dd0       0x18 zephyr/subsys/bluetooth/host/libsubsys__bluetooth__host.a(att.c.obj)
 .text.tx_meta_data_free
                0x0000000000004de8       0x1c zephyr/subsys/bluetooth/host/libsubsys__bluetooth__host.a(att.c.obj)
 .text.chan_send
                0x0000000000004e04       0x9c zephyr/subsys/bluetooth/host/libsubsys__bluetooth__host.a(att.c.obj)
 .text.bt_att_connected
                0x0000000000004ea0       0x44 zephyr/subsys/bluetooth/host/libsubsys__bluetooth__host.a(att.c.obj)
 .text.read_group_cb
                0x0000000000004ee4       0xac zephyr/subsys/bluetooth/host/libsubsys__bluetooth__host.a(att.c.obj)
 .text.read_type_cb
                0x0000000000004f90       0xa0 zephyr/subsys/bluetooth/host/libsubsys__bluetooth__host.a(att.c.obj)
 .text.bt_att_accept
                0x0000000000005030       0xc0 zephyr/subsys/bluetooth/host/libsubsys__bluetooth__host.a(att.c.obj)
 .text.bt_att_chan_create_pdu
                0x00000000000050f0       0x78 zephyr/subsys/bluetooth/host/libsubsys__bluetooth__host.a(att.c.obj)
                0x00000000000050f0                bt_att_chan_create_pdu
 .text.bt_att_recv
                0x0000000000005168       0xd8 zephyr/subsys/bluetooth/host/libsubsys__bluetooth__host.a(att.c.obj)
 .text.att_write_rsp.constprop.0
                0x0000000000005240       0xc8 zephyr/subsys/bluetooth/host/libsubsys__bluetooth__host.a(att.c.obj)
 .text.att_read_group_req
                0x0000000000005308       0xfc zephyr/subsys/bluetooth/host/libsubsys__bluetooth__host.a(att.c.obj)
 .text.att_read_mult_vl_req
                0x0000000000005404       0xa8 zephyr/subsys/bluetooth/host/libsubsys__bluetooth__host.a(att.c.obj)
 .text.att_read_mult_req
                0x00000000000054ac       0xa8 zephyr/subsys/bluetooth/host/libsubsys__bluetooth__host.a(att.c.obj)
 .text.att_read_rsp
                0x0000000000005554       0xa0 zephyr/subsys/bluetooth/host/libsubsys__bluetooth__host.a(att.c.obj)
 .text.att_read_type_req
                0x00000000000055f4       0xc4 zephyr/subsys/bluetooth/host/libsubsys__bluetooth__host.a(att.c.obj)
 .text.att_find_type_req
                0x00000000000056b8       0xd0 zephyr/subsys/bluetooth/host/libsubsys__bluetooth__host.a(att.c.obj)
 .text.att_find_info_req
                0x0000000000005788       0x78 zephyr/subsys/bluetooth/host/libsubsys__bluetooth__host.a(att.c.obj)
 .text.bt_att_init
                0x0000000000005800       0x38 zephyr/subsys/bluetooth/host/libsubsys__bluetooth__host.a(att.c.obj)
                0x0000000000005800                bt_att_init
 .text.bt_att_req_alloc
                0x0000000000005838       0x44 zephyr/subsys/bluetooth/host/libsubsys__bluetooth__host.a(att.c.obj)
                0x0000000000005838                bt_att_req_alloc
 .text.bt_att_req_free
                0x000000000000587c       0x30 zephyr/subsys/bluetooth/host/libsubsys__bluetooth__host.a(att.c.obj)
                0x000000000000587c                bt_att_req_free
 .text.att_handle_rsp
                0x00000000000058ac       0x6c zephyr/subsys/bluetooth/host/libsubsys__bluetooth__host.a(att.c.obj)
 .text.bt_att_disconnected
                0x0000000000005918       0xd0 zephyr/subsys/bluetooth/host/libsubsys__bluetooth__host.a(att.c.obj)
 .text.find_cf_cfg
                0x00000000000059e8       0x30 zephyr/subsys/bluetooth/host/libsubsys__bluetooth__host.a(gatt.c.obj)
 .text.find_sc_cfg
                0x0000000000005a18       0x20 zephyr/subsys/bluetooth/host/libsubsys__bluetooth__host.a(gatt.c.obj)
 .text.find_ccc_cfg
                0x0000000000005a38       0x28 zephyr/subsys/bluetooth/host/libsubsys__bluetooth__host.a(gatt.c.obj)
 .text.bt_gatt_attr_write_ccc
                0x0000000000005a60       0xa8 zephyr/subsys/bluetooth/host/libsubsys__bluetooth__host.a(gatt.c.obj)
                0x0000000000005a60                bt_gatt_attr_write_ccc
 .text.clear_cf_cfg
                0x0000000000005b08       0x38 zephyr/subsys/bluetooth/host/libsubsys__bluetooth__host.a(gatt.c.obj)
 .text.sc_save  0x0000000000005b40       0x48 zephyr/subsys/bluetooth/host/libsubsys__bluetooth__host.a(gatt.c.obj)
 .text.disconnected_cb
                0x0000000000005b88       0xa0 zephyr/subsys/bluetooth/host/libsubsys__bluetooth__host.a(gatt.c.obj)
 .text.read_ppcp
                0x0000000000005c28       0x38 zephyr/subsys/bluetooth/host/libsubsys__bluetooth__host.a(gatt.c.obj)
 .text.sc_indicate_rsp
                0x0000000000005c60       0x5c zephyr/subsys/bluetooth/host/libsubsys__bluetooth__host.a(gatt.c.obj)
 .text.bt_gatt_init
                0x0000000000005cbc       0x84 zephyr/subsys/bluetooth/host/libsubsys__bluetooth__host.a(gatt.c.obj)
                0x0000000000005cbc                bt_gatt_init
 .text.bt_gatt_attr_get_handle
                0x0000000000005d40       0x60 zephyr/subsys/bluetooth/host/libsubsys__bluetooth__host.a(gatt.c.obj)
                0x0000000000005d40                bt_gatt_attr_get_handle
 .text.bt_gatt_foreach_attr_type
                0x0000000000005da0       0xb4 zephyr/subsys/bluetooth/host/libsubsys__bluetooth__host.a(gatt.c.obj)
                0x0000000000005da0                bt_gatt_foreach_attr_type
 .text.db_hash_gen
                0x0000000000005e54       0x64 zephyr/subsys/bluetooth/host/libsubsys__bluetooth__host.a(gatt.c.obj)
 .text.db_hash_read
                0x0000000000005eb8       0x84 zephyr/subsys/bluetooth/host/libsubsys__bluetooth__host.a(gatt.c.obj)
 .text.db_hash_process
                0x0000000000005f3c       0x1c zephyr/subsys/bluetooth/host/libsubsys__bluetooth__host.a(gatt.c.obj)
 .text.bt_gatt_attr_next
                0x0000000000005f58       0x24 zephyr/subsys/bluetooth/host/libsubsys__bluetooth__host.a(gatt.c.obj)
                0x0000000000005f58                bt_gatt_attr_next
 .text.gatt_indicate
                0x0000000000005f7c       0xac zephyr/subsys/bluetooth/host/libsubsys__bluetooth__host.a(gatt.c.obj)
 .text.bt_gatt_indicate
                0x0000000000006028       0xf4 zephyr/subsys/bluetooth/host/libsubsys__bluetooth__host.a(gatt.c.obj)
                0x0000000000006028                bt_gatt_indicate
 .text.sc_process
                0x000000000000611c       0x68 zephyr/subsys/bluetooth/host/libsubsys__bluetooth__host.a(gatt.c.obj)
 .text.update_ccc
                0x0000000000006184       0xac zephyr/subsys/bluetooth/host/libsubsys__bluetooth__host.a(gatt.c.obj)
 .text.bt_gatt_notify_cb
                0x0000000000006230       0xec zephyr/subsys/bluetooth/host/libsubsys__bluetooth__host.a(gatt.c.obj)
                0x0000000000006230                bt_gatt_notify_cb
 .text.notify_cb
                0x000000000000631c       0xf4 zephyr/subsys/bluetooth/host/libsubsys__bluetooth__host.a(gatt.c.obj)
 .text.bt_gatt_connected
                0x0000000000006410       0x20 zephyr/subsys/bluetooth/host/libsubsys__bluetooth__host.a(gatt.c.obj)
                0x0000000000006410                bt_gatt_connected
 .text.bt_gatt_att_max_mtu_changed
                0x0000000000006430       0x28 zephyr/subsys/bluetooth/host/libsubsys__bluetooth__host.a(gatt.c.obj)
                0x0000000000006430                bt_gatt_att_max_mtu_changed
 .text.bt_gatt_disconnected
                0x0000000000006458       0x48 zephyr/subsys/bluetooth/host/libsubsys__bluetooth__host.a(gatt.c.obj)
                0x0000000000006458                bt_gatt_disconnected
 .text.bt_smp_accept
                0x00000000000064a0       0x1c zephyr/subsys/bluetooth/host/libsubsys__bluetooth__host.a(smp_null.c.obj)
 .text.mem_init
                0x00000000000064bc       0x60 zephyr/subsys/bluetooth/controller/libsubsys__bluetooth__controller.a(mem.c.obj)
                0x00000000000064bc                mem_init
 .text.mem_acquire
                0x000000000000651c       0x38 zephyr/subsys/bluetooth/controller/libsubsys__bluetooth__controller.a(mem.c.obj)
                0x000000000000651c                mem_acquire
 .text.mem_release
                0x0000000000006554       0x30 zephyr/subsys/bluetooth/controller/libsubsys__bluetooth__controller.a(mem.c.obj)
                0x0000000000006554                mem_release
 .text.mem_get  0x0000000000006584        0x8 zephyr/subsys/bluetooth/controller/libsubsys__bluetooth__controller.a(mem.c.obj)
                0x0000000000006584                mem_get
 .text.mem_index_get
                0x000000000000658c        0xc zephyr/subsys/bluetooth/controller/libsubsys__bluetooth__controller.a(mem.c.obj)
                0x000000000000658c                mem_index_get
 .text.mem_rcopy
                0x0000000000006598       0x1c zephyr/subsys/bluetooth/controller/libsubsys__bluetooth__controller.a(mem.c.obj)
                0x0000000000006598                mem_rcopy
 .text.mem_nz   0x00000000000065b4       0x18 zephyr/subsys/bluetooth/controller/libsubsys__bluetooth__controller.a(mem.c.obj)
                0x00000000000065b4                mem_nz
 .text.memq_init
                0x00000000000065cc        0x8 zephyr/subsys/bluetooth/controller/libsubsys__bluetooth__controller.a(memq.c.obj)
                0x00000000000065cc                memq_init
 .text.memq_deinit
                0x00000000000065d4       0x14 zephyr/subsys/bluetooth/controller/libsubsys__bluetooth__controller.a(memq.c.obj)
                0x00000000000065d4                memq_deinit
 .text.memq_enqueue
                0x00000000000065e8       0x14 zephyr/subsys/bluetooth/controller/libsubsys__bluetooth__controller.a(memq.c.obj)
                0x00000000000065e8                memq_enqueue
 .text.memq_peek
                0x00000000000065fc       0x10 zephyr/subsys/bluetooth/controller/libsubsys__bluetooth__controller.a(memq.c.obj)
                0x00000000000065fc                memq_peek
 .text.memq_dequeue
                0x000000000000660c       0x20 zephyr/subsys/bluetooth/controller/libsubsys__bluetooth__controller.a(memq.c.obj)
                0x000000000000660c                memq_dequeue
 .text.mayfly_init
                0x000000000000662c       0x40 zephyr/subsys/bluetooth/controller/libsubsys__bluetooth__controller.a(mayfly.c.obj)
                0x000000000000662c                mayfly_init
 .text.mayfly_enable
                0x000000000000666c       0x68 zephyr/subsys/bluetooth/controller/libsubsys__bluetooth__controller.a(mayfly.c.obj)
                0x000000000000666c                mayfly_enable
 .text.mayfly_enqueue
                0x00000000000066d4       0xbc zephyr/subsys/bluetooth/controller/libsubsys__bluetooth__controller.a(mayfly.c.obj)
                0x00000000000066d4                mayfly_enqueue
 .text.mayfly_run
                0x0000000000006790      0x150 zephyr/subsys/bluetooth/controller/libsubsys__bluetooth__controller.a(mayfly.c.obj)
                0x0000000000006790                mayfly_run
 .text.util_ones_count_get
                0x00000000000068e0       0x28 zephyr/subsys/bluetooth/controller/libsubsys__bluetooth__controller.a(util.c.obj)
                0x00000000000068e0                util_ones_count_get
 .text.ticker_dequeue
                0x0000000000006908       0x74 zephyr/subsys/bluetooth/controller/libsubsys__bluetooth__controller.a(ticker.c.obj)
 .text.ticks_to_expire_prep
                0x000000000000697c       0x48 zephyr/subsys/bluetooth/controller/libsubsys__bluetooth__controller.a(ticker.c.obj)
 .text.ticker_job_list_insert
                0x00000000000069c4      0x230 zephyr/subsys/bluetooth/controller/libsubsys__bluetooth__controller.a(ticker.c.obj)
 .text.ticker_worker
                0x0000000000006bf4      0x3c0 zephyr/subsys/bluetooth/controller/libsubsys__bluetooth__controller.a(ticker.c.obj)
                0x0000000000006bf4                ticker_worker
 .text.ticker_job
                0x0000000000006fb4      0x974 zephyr/subsys/bluetooth/controller/libsubsys__bluetooth__controller.a(ticker.c.obj)
                0x0000000000006fb4                ticker_job
 .text.ticker_init
                0x0000000000007928       0x64 zephyr/subsys/bluetooth/controller/libsubsys__bluetooth__controller.a(ticker.c.obj)
                0x0000000000007928                ticker_init
 .text.ticker_trigger
                0x000000000000798c       0x28 zephyr/subsys/bluetooth/controller/libsubsys__bluetooth__controller.a(ticker.c.obj)
                0x000000000000798c                ticker_trigger
 .text.ticker_start_ext
                0x00000000000079b4       0xa4 zephyr/subsys/bluetooth/controller/libsubsys__bluetooth__controller.a(ticker.c.obj)
                0x00000000000079b4                ticker_start_ext
 .text.ticker_start
                0x0000000000007a58       0x38 zephyr/subsys/bluetooth/controller/libsubsys__bluetooth__controller.a(ticker.c.obj)
                0x0000000000007a58                ticker_start
 .text.ticker_update_ext
                0x0000000000007a90       0xb8 zephyr/subsys/bluetooth/controller/libsubsys__bluetooth__controller.a(ticker.c.obj)
                0x0000000000007a90                ticker_update_ext
 .text.ticker_update
                0x0000000000007b48       0x34 zephyr/subsys/bluetooth/controller/libsubsys__bluetooth__controller.a(ticker.c.obj)
                0x0000000000007b48                ticker_update
 .text.ticker_stop
                0x0000000000007b7c       0x7c zephyr/subsys/bluetooth/controller/libsubsys__bluetooth__controller.a(ticker.c.obj)
                0x0000000000007b7c                ticker_stop
 .text.ticker_stop_abs
                0x0000000000007bf8       0x80 zephyr/subsys/bluetooth/controller/libsubsys__bluetooth__controller.a(ticker.c.obj)
                0x0000000000007bf8                ticker_stop_abs
 .text.ticker_ticks_now_get
                0x0000000000007c78        0x4 zephyr/subsys/bluetooth/controller/libsubsys__bluetooth__controller.a(ticker.c.obj)
                0x0000000000007c78                ticker_ticks_now_get
 .text.ticker_ticks_diff_get
                0x0000000000007c7c        0x8 zephyr/subsys/bluetooth/controller/libsubsys__bluetooth__controller.a(ticker.c.obj)
                0x0000000000007c7c                ticker_ticks_diff_get
 .text.ll_feat_get
                0x0000000000007c84        0xc zephyr/subsys/bluetooth/controller/libsubsys__bluetooth__controller.a(ll_feat.c.obj)
                0x0000000000007c84                ll_feat_get
 .text.ll_tx_pwr_lvl_get
                0x0000000000007c90       0x20 zephyr/subsys/bluetooth/controller/libsubsys__bluetooth__controller.a(ll_tx_pwr.c.obj)
                0x0000000000007c90                ll_tx_pwr_lvl_get
 .text.ll_tx_pwr_get
                0x0000000000007cb0        0x8 zephyr/subsys/bluetooth/controller/libsubsys__bluetooth__controller.a(ll_tx_pwr.c.obj)
                0x0000000000007cb0                ll_tx_pwr_get
 .text.ll_addr_set
                0x0000000000007cb8       0x48 zephyr/subsys/bluetooth/controller/libsubsys__bluetooth__controller.a(ll_addr.c.obj)
                0x0000000000007cb8                ll_addr_set
 .text.ll_addr_get
                0x0000000000007d00       0x20 zephyr/subsys/bluetooth/controller/libsubsys__bluetooth__controller.a(ll_addr.c.obj)
                0x0000000000007d00                ll_addr_get
 .text.ll_addr_read
                0x0000000000007d20       0x30 zephyr/subsys/bluetooth/controller/libsubsys__bluetooth__controller.a(ll_addr.c.obj)
                0x0000000000007d20                ll_addr_read
 .text.perform_lll_reset
                0x0000000000007d50       0x94 zephyr/subsys/bluetooth/controller/libsubsys__bluetooth__controller.a(ull.c.obj)
 .text.ull_ticker_status_give
                0x0000000000007de4        0xc zephyr/subsys/bluetooth/controller/libsubsys__bluetooth__controller.a(ull.c.obj)
                0x0000000000007de4                ull_ticker_status_give
 .text.disabled_cb
                0x0000000000007df0        0x4 zephyr/subsys/bluetooth/controller/libsubsys__bluetooth__controller.a(ull.c.obj)
 .text.tx_cmplt_get
                0x0000000000007df4       0xb4 zephyr/subsys/bluetooth/controller/libsubsys__bluetooth__controller.a(ull.c.obj)
 .text.rx_replenish
                0x0000000000007ea8      0x110 zephyr/subsys/bluetooth/controller/libsubsys__bluetooth__controller.a(ull.c.obj)
 .text.ull_done
                0x0000000000007fb8      0x114 zephyr/subsys/bluetooth/controller/libsubsys__bluetooth__controller.a(ull.c.obj)
 .text.rx_demux
                0x00000000000080cc      0x1d4 zephyr/subsys/bluetooth/controller/libsubsys__bluetooth__controller.a(ull.c.obj)
 .text.ll_rx_get
                0x00000000000082a0       0xf4 zephyr/subsys/bluetooth/controller/libsubsys__bluetooth__controller.a(ull.c.obj)
                0x00000000000082a0                ll_rx_get
 .text.ll_rx_dequeue
                0x0000000000008394      0x194 zephyr/subsys/bluetooth/controller/libsubsys__bluetooth__controller.a(ull.c.obj)
                0x0000000000008394                ll_rx_dequeue
 .text.ll_rx_mem_release
                0x0000000000008528      0x190 zephyr/subsys/bluetooth/controller/libsubsys__bluetooth__controller.a(ull.c.obj)
                0x0000000000008528                ll_rx_mem_release
 .text.ll_rx_link_alloc
                0x00000000000086b8        0xc zephyr/subsys/bluetooth/controller/libsubsys__bluetooth__controller.a(ull.c.obj)
                0x00000000000086b8                ll_rx_link_alloc
 .text.ll_rx_link_release
                0x00000000000086c4        0xc zephyr/subsys/bluetooth/controller/libsubsys__bluetooth__controller.a(ull.c.obj)
                0x00000000000086c4                ll_rx_link_release
 .text.ll_rx_alloc
                0x00000000000086d0        0xc zephyr/subsys/bluetooth/controller/libsubsys__bluetooth__controller.a(ull.c.obj)
                0x00000000000086d0                ll_rx_alloc
 .text.ll_rx_release
                0x00000000000086dc        0xc zephyr/subsys/bluetooth/controller/libsubsys__bluetooth__controller.a(ull.c.obj)
                0x00000000000086dc                ll_rx_release
 .text.ll_rx_put
                0x00000000000086e8       0x14 zephyr/subsys/bluetooth/controller/libsubsys__bluetooth__controller.a(ull.c.obj)
                0x00000000000086e8                ll_rx_put
 .text.ll_rx_put_sched
                0x00000000000086fc       0x28 zephyr/subsys/bluetooth/controller/libsubsys__bluetooth__controller.a(ull.c.obj)
                0x00000000000086fc                ll_rx_put_sched
 .text.ll_pdu_rx_alloc_peek
                0x0000000000008724       0x44 zephyr/subsys/bluetooth/controller/libsubsys__bluetooth__controller.a(ull.c.obj)
                0x0000000000008724                ll_pdu_rx_alloc_peek
 .text.ll_pdu_rx_alloc
                0x0000000000008768       0x2c zephyr/subsys/bluetooth/controller/libsubsys__bluetooth__controller.a(ull.c.obj)
                0x0000000000008768                ll_pdu_rx_alloc
 .text.ll_tx_ack_put
                0x0000000000008794       0x64 zephyr/subsys/bluetooth/controller/libsubsys__bluetooth__controller.a(ull.c.obj)
                0x0000000000008794                ll_tx_ack_put
 .text.ull_ticker_status_take
                0x00000000000087f8       0x50 zephyr/subsys/bluetooth/controller/libsubsys__bluetooth__controller.a(ull.c.obj)
                0x00000000000087f8                ull_ticker_status_take
 .text.ull_disable_mark
                0x0000000000008848       0x18 zephyr/subsys/bluetooth/controller/libsubsys__bluetooth__controller.a(ull.c.obj)
                0x0000000000008848                ull_disable_mark
 .text.ull_disable_unmark
                0x0000000000008860       0x18 zephyr/subsys/bluetooth/controller/libsubsys__bluetooth__controller.a(ull.c.obj)
                0x0000000000008860                ull_disable_unmark
 .text.ull_disable_mark_get
                0x0000000000008878        0xc zephyr/subsys/bluetooth/controller/libsubsys__bluetooth__controller.a(ull.c.obj)
                0x0000000000008878                ull_disable_mark_get
 .text.ull_update_mark
                0x0000000000008884       0x18 zephyr/subsys/bluetooth/controller/libsubsys__bluetooth__controller.a(ull.c.obj)
                0x0000000000008884                ull_update_mark
 .text.ull_update_unmark
                0x000000000000889c       0x18 zephyr/subsys/bluetooth/controller/libsubsys__bluetooth__controller.a(ull.c.obj)
                0x000000000000889c                ull_update_unmark
 .text.ull_update_mark_get
                0x00000000000088b4        0xc zephyr/subsys/bluetooth/controller/libsubsys__bluetooth__controller.a(ull.c.obj)
                0x00000000000088b4                ull_update_mark_get
 .text.ull_disable
                0x00000000000088c0       0x7c zephyr/subsys/bluetooth/controller/libsubsys__bluetooth__controller.a(ull.c.obj)
                0x00000000000088c0                ull_disable
 .text.ull_ticker_stop_with_mark
                0x000000000000893c       0x84 zephyr/subsys/bluetooth/controller/libsubsys__bluetooth__controller.a(ull.c.obj)
                0x000000000000893c                ull_ticker_stop_with_mark
 .text.ull_pdu_rx_alloc_peek
                0x00000000000089c0       0x44 zephyr/subsys/bluetooth/controller/libsubsys__bluetooth__controller.a(ull.c.obj)
                0x00000000000089c0                ull_pdu_rx_alloc_peek
 .text.ull_pdu_rx_alloc
                0x0000000000008a04       0x2c zephyr/subsys/bluetooth/controller/libsubsys__bluetooth__controller.a(ull.c.obj)
                0x0000000000008a04                ull_pdu_rx_alloc
 .text.ull_rx_put
                0x0000000000008a30       0x20 zephyr/subsys/bluetooth/controller/libsubsys__bluetooth__controller.a(ull.c.obj)
                0x0000000000008a30                ull_rx_put
 .text.ull_rx_sched
                0x0000000000008a50       0x10 zephyr/subsys/bluetooth/controller/libsubsys__bluetooth__controller.a(ull.c.obj)
                0x0000000000008a50                ull_rx_sched
 .text.ull_rx_put_sched
                0x0000000000008a60       0x30 zephyr/subsys/bluetooth/controller/libsubsys__bluetooth__controller.a(ull.c.obj)
                0x0000000000008a60                ull_rx_put_sched
 .text.ull_prepare_enqueue
                0x0000000000008a90       0x64 zephyr/subsys/bluetooth/controller/libsubsys__bluetooth__controller.a(ull.c.obj)
                0x0000000000008a90                ull_prepare_enqueue
 .text.ull_prepare_dequeue_get
                0x0000000000008af4       0x1c zephyr/subsys/bluetooth/controller/libsubsys__bluetooth__controller.a(ull.c.obj)
                0x0000000000008af4                ull_prepare_dequeue_get
 .text.ull_prepare_dequeue_iter
                0x0000000000008b10       0x40 zephyr/subsys/bluetooth/controller/libsubsys__bluetooth__controller.a(ull.c.obj)
                0x0000000000008b10                ull_prepare_dequeue_iter
 .text.ull_prepare_dequeue
                0x0000000000008b50       0xf4 zephyr/subsys/bluetooth/controller/libsubsys__bluetooth__controller.a(ull.c.obj)
                0x0000000000008b50                ull_prepare_dequeue
 .text.ull_event_done_extra_get
                0x0000000000008c44       0x20 zephyr/subsys/bluetooth/controller/libsubsys__bluetooth__controller.a(ull.c.obj)
                0x0000000000008c44                ull_event_done_extra_get
 .text.ull_event_done
                0x0000000000008c64       0x5c zephyr/subsys/bluetooth/controller/libsubsys__bluetooth__controller.a(ull.c.obj)
                0x0000000000008c64                ull_event_done
 .text.ull_rxfifo_alloc
                0x0000000000008cc0       0x88 zephyr/subsys/bluetooth/controller/libsubsys__bluetooth__controller.a(ull.c.obj)
                0x0000000000008cc0                ull_rxfifo_alloc
 .text.init_reset
                0x0000000000008d48      0x130 zephyr/subsys/bluetooth/controller/libsubsys__bluetooth__controller.a(ull.c.obj)
 .text.ll_init  0x0000000000008e78       0xe0 zephyr/subsys/bluetooth/controller/libsubsys__bluetooth__controller.a(ull.c.obj)
                0x0000000000008e78                ll_init
 .text.ll_reset
                0x0000000000008f58      0x124 zephyr/subsys/bluetooth/controller/libsubsys__bluetooth__controller.a(ull.c.obj)
                0x0000000000008f58                ll_reset
 .text.ll_deinit
                0x000000000000907c       0x10 zephyr/subsys/bluetooth/controller/libsubsys__bluetooth__controller.a(ull.c.obj)
                0x000000000000907c                ll_deinit
 .text.lll_prepare
                0x000000000000908c       0x14 zephyr/subsys/bluetooth/controller/libsubsys__bluetooth__controller.a(lll_common.c.obj)
                0x000000000000908c                lll_prepare
 .text.lll_resume
                0x00000000000090a0       0x4c zephyr/subsys/bluetooth/controller/libsubsys__bluetooth__controller.a(lll_common.c.obj)
                0x00000000000090a0                lll_resume
 .text.hci_driver_init
                0x00000000000090ec       0x10 zephyr/subsys/bluetooth/controller/libsubsys__bluetooth__controller.a(hci_driver.c.obj)
 .text.hci_driver_send
                0x00000000000090fc       0x6c zephyr/subsys/bluetooth/controller/libsubsys__bluetooth__controller.a(hci_driver.c.obj)
 .text.hci_driver_close
                0x0000000000009168       0x20 zephyr/subsys/bluetooth/controller/libsubsys__bluetooth__controller.a(hci_driver.c.obj)
 .text.recv_thread
                0x0000000000009188      0x120 zephyr/subsys/bluetooth/controller/libsubsys__bluetooth__controller.a(hci_driver.c.obj)
 .text.prio_recv_thread
                0x00000000000092a8       0xc8 zephyr/subsys/bluetooth/controller/libsubsys__bluetooth__controller.a(hci_driver.c.obj)
 .text.hci_driver_open
                0x0000000000009370       0xa8 zephyr/subsys/bluetooth/controller/libsubsys__bluetooth__controller.a(hci_driver.c.obj)
 .text.hci_recv_fifo_reset
                0x0000000000009418       0x20 zephyr/subsys/bluetooth/controller/libsubsys__bluetooth__controller.a(hci_driver.c.obj)
                0x0000000000009418                hci_recv_fifo_reset
 .text.le_remote_feat_complete
                0x0000000000009438       0x6c zephyr/subsys/bluetooth/controller/libsubsys__bluetooth__controller.a(hci.c.obj)
 .text.hci_vendor_cmd_handle_common
                0x00000000000094a4      0x194 zephyr/subsys/bluetooth/controller/libsubsys__bluetooth__controller.a(hci.c.obj)
                0x00000000000094a4                hci_vendor_cmd_handle_common
 .text.hci_cmd_handle
                0x0000000000009638      0x7c0 zephyr/subsys/bluetooth/controller/libsubsys__bluetooth__controller.a(hci.c.obj)
                0x0000000000009638                hci_cmd_handle
 .text.hci_acl_handle
                0x0000000000009df8       0xbc zephyr/subsys/bluetooth/controller/libsubsys__bluetooth__controller.a(hci.c.obj)
                0x0000000000009df8                hci_acl_handle
 .text.hci_disconn_complete_encode
                0x0000000000009eb4       0x40 zephyr/subsys/bluetooth/controller/libsubsys__bluetooth__controller.a(hci.c.obj)
                0x0000000000009eb4                hci_disconn_complete_encode
 .text.hci_disconn_complete_process
                0x0000000000009ef4       0x10 zephyr/subsys/bluetooth/controller/libsubsys__bluetooth__controller.a(hci.c.obj)
                0x0000000000009ef4                hci_disconn_complete_process
 .text.hci_acl_encode
                0x0000000000009f04       0x74 zephyr/subsys/bluetooth/controller/libsubsys__bluetooth__controller.a(hci.c.obj)
                0x0000000000009f04                hci_acl_encode
 .text.hci_evt_encode
                0x0000000000009f78      0x4c8 zephyr/subsys/bluetooth/controller/libsubsys__bluetooth__controller.a(hci.c.obj)
                0x0000000000009f78                hci_evt_encode
 .text.hci_num_cmplt_encode
                0x000000000000a440       0x30 zephyr/subsys/bluetooth/controller/libsubsys__bluetooth__controller.a(hci.c.obj)
                0x000000000000a440                hci_num_cmplt_encode
 .text.hci_get_class
                0x000000000000a470       0x2c zephyr/subsys/bluetooth/controller/libsubsys__bluetooth__controller.a(hci.c.obj)
                0x000000000000a470                hci_get_class
 .text.hci_init
                0x000000000000a49c       0x40 zephyr/subsys/bluetooth/controller/libsubsys__bluetooth__controller.a(hci.c.obj)
                0x000000000000a49c                hci_init
 .text.ticker_stop_cb
                0x000000000000a4dc       0x84 zephyr/subsys/bluetooth/controller/libsubsys__bluetooth__controller.a(ull_adv.c.obj)
 .text.disabled_cb
                0x000000000000a560       0x90 zephyr/subsys/bluetooth/controller/libsubsys__bluetooth__controller.a(ull_adv.c.obj)
 .text.ticker_stop_op_cb
                0x000000000000a5f0       0x48 zephyr/subsys/bluetooth/controller/libsubsys__bluetooth__controller.a(ull_adv.c.obj)
 .text.adv_disable
                0x000000000000a638       0x80 zephyr/subsys/bluetooth/controller/libsubsys__bluetooth__controller.a(ull_adv.c.obj)
 .text.ticker_update_op_cb
                0x000000000000a6b8       0x38 zephyr/subsys/bluetooth/controller/libsubsys__bluetooth__controller.a(ull_adv.c.obj)
 .text.init_set.constprop.0
                0x000000000000a6f0       0x44 zephyr/subsys/bluetooth/controller/libsubsys__bluetooth__controller.a(ull_adv.c.obj)
 .text.conn_release.constprop.0
                0x000000000000a734       0x84 zephyr/subsys/bluetooth/controller/libsubsys__bluetooth__controller.a(ull_adv.c.obj)
 .text.disable.constprop.0
                0x000000000000a7b8      0x15c zephyr/subsys/bluetooth/controller/libsubsys__bluetooth__controller.a(ull_adv.c.obj)
 .text.adv_time_get.constprop.0.isra.0
                0x000000000000a914       0x7c zephyr/subsys/bluetooth/controller/libsubsys__bluetooth__controller.a(ull_adv.c.obj)
 .text.ticker_cb
                0x000000000000a990      0x13c zephyr/subsys/bluetooth/controller/libsubsys__bluetooth__controller.a(ull_adv.c.obj)
 .text.ll_adv_params_set
                0x000000000000aacc      0x1d0 zephyr/subsys/bluetooth/controller/libsubsys__bluetooth__controller.a(ull_adv.c.obj)
                0x000000000000aacc                ll_adv_params_set
 .text.ull_adv_init
                0x000000000000ac9c       0x20 zephyr/subsys/bluetooth/controller/libsubsys__bluetooth__controller.a(ull_adv.c.obj)
                0x000000000000ac9c                ull_adv_init
 .text.ull_adv_reset
                0x000000000000acbc        0xc zephyr/subsys/bluetooth/controller/libsubsys__bluetooth__controller.a(ull_adv.c.obj)
                0x000000000000acbc                ull_adv_reset
 .text.ull_adv_reset_finalize
                0x000000000000acc8       0x2c zephyr/subsys/bluetooth/controller/libsubsys__bluetooth__controller.a(ull_adv.c.obj)
                0x000000000000acc8                ull_adv_reset_finalize
 .text.ull_adv_handle_get
                0x000000000000acf4       0x1c zephyr/subsys/bluetooth/controller/libsubsys__bluetooth__controller.a(ull_adv.c.obj)
                0x000000000000acf4                ull_adv_handle_get
 .text.ull_adv_lll_handle_get
                0x000000000000ad10       0x1c zephyr/subsys/bluetooth/controller/libsubsys__bluetooth__controller.a(ull_adv.c.obj)
                0x000000000000ad10                ull_adv_lll_handle_get
 .text.ull_adv_is_enabled
                0x000000000000ad2c       0x18 zephyr/subsys/bluetooth/controller/libsubsys__bluetooth__controller.a(ull_adv.c.obj)
                0x000000000000ad2c                ull_adv_is_enabled
 .text.ull_adv_data_set
                0x000000000000ad44       0xc8 zephyr/subsys/bluetooth/controller/libsubsys__bluetooth__controller.a(ull_adv.c.obj)
                0x000000000000ad44                ull_adv_data_set
 .text.ll_adv_data_set
                0x000000000000ae0c       0x10 zephyr/subsys/bluetooth/controller/libsubsys__bluetooth__controller.a(ull_adv.c.obj)
                0x000000000000ae0c                ll_adv_data_set
 .text.ull_scan_rsp_set
                0x000000000000ae1c       0xcc zephyr/subsys/bluetooth/controller/libsubsys__bluetooth__controller.a(ull_adv.c.obj)
                0x000000000000ae1c                ull_scan_rsp_set
 .text.ll_adv_scan_rsp_set
                0x000000000000aee8       0x10 zephyr/subsys/bluetooth/controller/libsubsys__bluetooth__controller.a(ull_adv.c.obj)
                0x000000000000aee8                ll_adv_scan_rsp_set
 .text.init_reset
                0x000000000000aef8       0x74 zephyr/subsys/bluetooth/controller/libsubsys__bluetooth__controller.a(ull_conn.c.obj)
 .text.tx_lll_flush
                0x000000000000af6c       0xf0 zephyr/subsys/bluetooth/controller/libsubsys__bluetooth__controller.a(ull_conn.c.obj)
 .text.ticker_stop_op_cb
                0x000000000000b05c       0x64 zephyr/subsys/bluetooth/controller/libsubsys__bluetooth__controller.a(ull_conn.c.obj)
 .text.disabled_cb
                0x000000000000b0c0       0x40 zephyr/subsys/bluetooth/controller/libsubsys__bluetooth__controller.a(ull_conn.c.obj)
 .text.conn_disable
                0x000000000000b100       0x80 zephyr/subsys/bluetooth/controller/libsubsys__bluetooth__controller.a(ull_conn.c.obj)
 .text.conn_setup_adv_scan_disabled_cb
                0x000000000000b180       0x40 zephyr/subsys/bluetooth/controller/libsubsys__bluetooth__controller.a(ull_conn.c.obj)
 .text.ticker_update_conn_op_cb
                0x000000000000b1c0       0x40 zephyr/subsys/bluetooth/controller/libsubsys__bluetooth__controller.a(ull_conn.c.obj)
 .text.ticker_start_conn_op_cb
                0x000000000000b200       0x58 zephyr/subsys/bluetooth/controller/libsubsys__bluetooth__controller.a(ull_conn.c.obj)
 .text.ticker_stop_conn_op_cb
                0x000000000000b258       0x58 zephyr/subsys/bluetooth/controller/libsubsys__bluetooth__controller.a(ull_conn.c.obj)
 .text.ll_conn_acquire
                0x000000000000b2b0        0xc zephyr/subsys/bluetooth/controller/libsubsys__bluetooth__controller.a(ull_conn.c.obj)
                0x000000000000b2b0                ll_conn_acquire
 .text.ll_conn_release
                0x000000000000b2bc        0xc zephyr/subsys/bluetooth/controller/libsubsys__bluetooth__controller.a(ull_conn.c.obj)
                0x000000000000b2bc                ll_conn_release
 .text.ll_conn_handle_get
                0x000000000000b2c8       0x10 zephyr/subsys/bluetooth/controller/libsubsys__bluetooth__controller.a(ull_conn.c.obj)
                0x000000000000b2c8                ll_conn_handle_get
 .text.ll_conn_get
                0x000000000000b2d8       0x10 zephyr/subsys/bluetooth/controller/libsubsys__bluetooth__controller.a(ull_conn.c.obj)
                0x000000000000b2d8                ll_conn_get
 .text.ll_connected_get
                0x000000000000b2e8       0x24 zephyr/subsys/bluetooth/controller/libsubsys__bluetooth__controller.a(ull_conn.c.obj)
                0x000000000000b2e8                ll_connected_get
 .text.ll_tx_mem_acquire
                0x000000000000b30c        0xc zephyr/subsys/bluetooth/controller/libsubsys__bluetooth__controller.a(ull_conn.c.obj)
                0x000000000000b30c                ll_tx_mem_acquire
 .text.ll_tx_mem_release
                0x000000000000b318        0xc zephyr/subsys/bluetooth/controller/libsubsys__bluetooth__controller.a(ull_conn.c.obj)
                0x000000000000b318                ll_tx_mem_release
 .text.ll_tx_mem_enqueue
                0x000000000000b324       0x98 zephyr/subsys/bluetooth/controller/libsubsys__bluetooth__controller.a(ull_conn.c.obj)
                0x000000000000b324                ll_tx_mem_enqueue
 .text.ll_conn_update
                0x000000000000b3bc       0x88 zephyr/subsys/bluetooth/controller/libsubsys__bluetooth__controller.a(ull_conn.c.obj)
                0x000000000000b3bc                ll_conn_update
 .text.ll_chm_get
                0x000000000000b444       0x44 zephyr/subsys/bluetooth/controller/libsubsys__bluetooth__controller.a(ull_conn.c.obj)
                0x000000000000b444                ll_chm_get
 .text.ll_terminate_ind_send
                0x000000000000b488       0x6c zephyr/subsys/bluetooth/controller/libsubsys__bluetooth__controller.a(ull_conn.c.obj)
                0x000000000000b488                ll_terminate_ind_send
 .text.ll_feature_req_send
                0x000000000000b4f4       0x40 zephyr/subsys/bluetooth/controller/libsubsys__bluetooth__controller.a(ull_conn.c.obj)
                0x000000000000b4f4                ll_feature_req_send
 .text.ll_version_ind_send
                0x000000000000b534       0x40 zephyr/subsys/bluetooth/controller/libsubsys__bluetooth__controller.a(ull_conn.c.obj)
                0x000000000000b534                ll_version_ind_send
 .text.ll_length_req_send
                0x000000000000b574       0x54 zephyr/subsys/bluetooth/controller/libsubsys__bluetooth__controller.a(ull_conn.c.obj)
                0x000000000000b574                ll_length_req_send
 .text.ll_length_default_get
                0x000000000000b5c8       0x18 zephyr/subsys/bluetooth/controller/libsubsys__bluetooth__controller.a(ull_conn.c.obj)
                0x000000000000b5c8                ll_length_default_get
 .text.ll_length_default_set
                0x000000000000b5e0       0x14 zephyr/subsys/bluetooth/controller/libsubsys__bluetooth__controller.a(ull_conn.c.obj)
                0x000000000000b5e0                ll_length_default_set
 .text.ll_length_max_get
                0x000000000000b5f4       0x18 zephyr/subsys/bluetooth/controller/libsubsys__bluetooth__controller.a(ull_conn.c.obj)
                0x000000000000b5f4                ll_length_max_get
 .text.ll_phy_get
                0x000000000000b60c       0x3c zephyr/subsys/bluetooth/controller/libsubsys__bluetooth__controller.a(ull_conn.c.obj)
                0x000000000000b60c                ll_phy_get
 .text.ll_phy_default_set
                0x000000000000b648       0x14 zephyr/subsys/bluetooth/controller/libsubsys__bluetooth__controller.a(ull_conn.c.obj)
                0x000000000000b648                ll_phy_default_set
 .text.ll_phy_req_send
                0x000000000000b65c       0x64 zephyr/subsys/bluetooth/controller/libsubsys__bluetooth__controller.a(ull_conn.c.obj)
                0x000000000000b65c                ll_phy_req_send
 .text.ll_apto_get
                0x000000000000b6c0       0x48 zephyr/subsys/bluetooth/controller/libsubsys__bluetooth__controller.a(ull_conn.c.obj)
                0x000000000000b6c0                ll_apto_get
 .text.ll_apto_set
                0x000000000000b708       0x44 zephyr/subsys/bluetooth/controller/libsubsys__bluetooth__controller.a(ull_conn.c.obj)
                0x000000000000b708                ll_apto_set
 .text.ull_conn_init
                0x000000000000b74c        0x4 zephyr/subsys/bluetooth/controller/libsubsys__bluetooth__controller.a(ull_conn.c.obj)
                0x000000000000b74c                ull_conn_init
 .text.ull_conn_reset
                0x000000000000b750       0x74 zephyr/subsys/bluetooth/controller/libsubsys__bluetooth__controller.a(ull_conn.c.obj)
                0x000000000000b750                ull_conn_reset
 .text.ull_conn_default_phy_tx_get
                0x000000000000b7c4        0xc zephyr/subsys/bluetooth/controller/libsubsys__bluetooth__controller.a(ull_conn.c.obj)
                0x000000000000b7c4                ull_conn_default_phy_tx_get
 .text.ull_conn_default_phy_rx_get
                0x000000000000b7d0        0xc zephyr/subsys/bluetooth/controller/libsubsys__bluetooth__controller.a(ull_conn.c.obj)
                0x000000000000b7d0                ull_conn_default_phy_rx_get
 .text.ull_conn_setup
                0x000000000000b7dc       0x50 zephyr/subsys/bluetooth/controller/libsubsys__bluetooth__controller.a(ull_conn.c.obj)
                0x000000000000b7dc                ull_conn_setup
 .text.ull_conn_rx
                0x000000000000b82c       0x70 zephyr/subsys/bluetooth/controller/libsubsys__bluetooth__controller.a(ull_conn.c.obj)
                0x000000000000b82c                ull_conn_rx
 .text.ull_conn_llcp
                0x000000000000b89c       0x64 zephyr/subsys/bluetooth/controller/libsubsys__bluetooth__controller.a(ull_conn.c.obj)
                0x000000000000b89c                ull_conn_llcp
 .text.ull_conn_tx_demux
                0x000000000000b900       0x80 zephyr/subsys/bluetooth/controller/libsubsys__bluetooth__controller.a(ull_conn.c.obj)
                0x000000000000b900                ull_conn_tx_demux
 .text.conn_cleanup
                0x000000000000b980      0x11c zephyr/subsys/bluetooth/controller/libsubsys__bluetooth__controller.a(ull_conn.c.obj)
 .text.ull_conn_tx_lll_enqueue
                0x000000000000ba9c       0x8c zephyr/subsys/bluetooth/controller/libsubsys__bluetooth__controller.a(ull_conn.c.obj)
                0x000000000000ba9c                ull_conn_tx_lll_enqueue
 .text.tx_demux
                0x000000000000bb28       0x18 zephyr/subsys/bluetooth/controller/libsubsys__bluetooth__controller.a(ull_conn.c.obj)
 .text.ull_conn_link_tx_release
                0x000000000000bb40        0xc zephyr/subsys/bluetooth/controller/libsubsys__bluetooth__controller.a(ull_conn.c.obj)
                0x000000000000bb40                ull_conn_link_tx_release
 .text.ull_conn_ack_last_idx_get
                0x000000000000bb4c        0xc zephyr/subsys/bluetooth/controller/libsubsys__bluetooth__controller.a(ull_conn.c.obj)
                0x000000000000bb4c                ull_conn_ack_last_idx_get
 .text.ull_conn_ack_peek
                0x000000000000bb58       0x38 zephyr/subsys/bluetooth/controller/libsubsys__bluetooth__controller.a(ull_conn.c.obj)
                0x000000000000bb58                ull_conn_ack_peek
 .text.ull_conn_ack_by_last_peek
                0x000000000000bb90       0x34 zephyr/subsys/bluetooth/controller/libsubsys__bluetooth__controller.a(ull_conn.c.obj)
                0x000000000000bb90                ull_conn_ack_by_last_peek
 .text.ull_conn_ack_dequeue
                0x000000000000bbc4       0x2c zephyr/subsys/bluetooth/controller/libsubsys__bluetooth__controller.a(ull_conn.c.obj)
                0x000000000000bbc4                ull_conn_ack_dequeue
 .text.ull_conn_lll_ack_enqueue
                0x000000000000bbf0       0x64 zephyr/subsys/bluetooth/controller/libsubsys__bluetooth__controller.a(ull_conn.c.obj)
                0x000000000000bbf0                ull_conn_lll_ack_enqueue
 .text.ull_conn_tx_ack
                0x000000000000bc54       0xd0 zephyr/subsys/bluetooth/controller/libsubsys__bluetooth__controller.a(ull_conn.c.obj)
                0x000000000000bc54                ull_conn_tx_ack
 .text.ull_conn_lll_max_tx_octets_get
                0x000000000000bd24       0x34 zephyr/subsys/bluetooth/controller/libsubsys__bluetooth__controller.a(ull_conn.c.obj)
                0x000000000000bd24                ull_conn_lll_max_tx_octets_get
 .text.ull_pdu_data_init
                0x000000000000bd58        0x4 zephyr/subsys/bluetooth/controller/libsubsys__bluetooth__controller.a(ull_conn.c.obj)
                0x000000000000bd58                ull_pdu_data_init
 .text.ull_conn_pause_rx_data
                0x000000000000bd5c       0x10 zephyr/subsys/bluetooth/controller/libsubsys__bluetooth__controller.a(ull_conn.c.obj)
                0x000000000000bd5c                ull_conn_pause_rx_data
 .text.ull_conn_resume_rx_data
                0x000000000000bd6c       0x10 zephyr/subsys/bluetooth/controller/libsubsys__bluetooth__controller.a(ull_conn.c.obj)
                0x000000000000bd6c                ull_conn_resume_rx_data
 .text.ull_conn_event_counter
                0x000000000000bd7c       0x1c zephyr/subsys/bluetooth/controller/libsubsys__bluetooth__controller.a(ull_conn.c.obj)
                0x000000000000bd7c                ull_conn_event_counter
 .text.ull_conn_chan_map_set
                0x000000000000bd98       0x28 zephyr/subsys/bluetooth/controller/libsubsys__bluetooth__controller.a(ull_conn.c.obj)
                0x000000000000bd98                ull_conn_chan_map_set
 .text.ull_dle_max_time_get
                0x000000000000bdc0        0xc zephyr/subsys/bluetooth/controller/libsubsys__bluetooth__controller.a(ull_conn.c.obj)
                0x000000000000bdc0                ull_dle_max_time_get
 .text.ull_dle_update_eff
                0x000000000000bdcc      0x100 zephyr/subsys/bluetooth/controller/libsubsys__bluetooth__controller.a(ull_conn.c.obj)
                0x000000000000bdcc                ull_dle_update_eff
 .text.ull_dle_update_eff_rx
                0x000000000000becc       0x70 zephyr/subsys/bluetooth/controller/libsubsys__bluetooth__controller.a(ull_conn.c.obj)
                0x000000000000becc                ull_dle_update_eff_rx
 .text.ull_dle_update_eff_tx
                0x000000000000bf3c       0x84 zephyr/subsys/bluetooth/controller/libsubsys__bluetooth__controller.a(ull_conn.c.obj)
                0x000000000000bf3c                ull_dle_update_eff_tx
 .text.ull_dle_local_tx_update
                0x000000000000bfc0       0x28 zephyr/subsys/bluetooth/controller/libsubsys__bluetooth__controller.a(ull_conn.c.obj)
                0x000000000000bfc0                ull_dle_local_tx_update
 .text.ull_dle_init
                0x000000000000bfe8       0xec zephyr/subsys/bluetooth/controller/libsubsys__bluetooth__controller.a(ull_conn.c.obj)
                0x000000000000bfe8                ull_dle_init
 .text.llcp_rp_enc_tx
                0x000000000000c0d4       0xbc zephyr/subsys/bluetooth/controller/libsubsys__bluetooth__controller.a(ull_llcp_enc.c.obj)
 .text.rp_enc_ntf_ltk
                0x000000000000c190       0x54 zephyr/subsys/bluetooth/controller/libsubsys__bluetooth__controller.a(ull_llcp_enc.c.obj)
 .text.rp_enc_send_start_enc_req.part.0
                0x000000000000c1e4       0x94 zephyr/subsys/bluetooth/controller/libsubsys__bluetooth__controller.a(ull_llcp_enc.c.obj)
 .text.rp_enc_send_enc_rsp.part.0.isra.0
                0x000000000000c278       0x44 zephyr/subsys/bluetooth/controller/libsubsys__bluetooth__controller.a(ull_llcp_enc.c.obj)
 .text.rp_enc_complete.isra.0
                0x000000000000c2bc       0xd4 zephyr/subsys/bluetooth/controller/libsubsys__bluetooth__controller.a(ull_llcp_enc.c.obj)
 .text.rp_enc_execute_fsm
                0x000000000000c390      0x230 zephyr/subsys/bluetooth/controller/libsubsys__bluetooth__controller.a(ull_llcp_enc.c.obj)
 .text.llcp_rp_enc_rx
                0x000000000000c5c0       0x40 zephyr/subsys/bluetooth/controller/libsubsys__bluetooth__controller.a(ull_llcp_enc.c.obj)
                0x000000000000c5c0                llcp_rp_enc_rx
 .text.llcp_rp_enc_init_proc
                0x000000000000c600       0x40 zephyr/subsys/bluetooth/controller/libsubsys__bluetooth__controller.a(ull_llcp_enc.c.obj)
                0x000000000000c600                llcp_rp_enc_init_proc
 .text.llcp_rp_enc_ltk_req_reply
                0x000000000000c640        0x8 zephyr/subsys/bluetooth/controller/libsubsys__bluetooth__controller.a(ull_llcp_enc.c.obj)
                0x000000000000c640                llcp_rp_enc_ltk_req_reply
 .text.llcp_rp_enc_ltk_req_neg_reply
                0x000000000000c648        0x8 zephyr/subsys/bluetooth/controller/libsubsys__bluetooth__controller.a(ull_llcp_enc.c.obj)
                0x000000000000c648                llcp_rp_enc_ltk_req_neg_reply
 .text.llcp_rp_enc_ltk_req_reply_allowed
                0x000000000000c650       0x10 zephyr/subsys/bluetooth/controller/libsubsys__bluetooth__controller.a(ull_llcp_enc.c.obj)
                0x000000000000c650                llcp_rp_enc_ltk_req_reply_allowed
 .text.llcp_rp_enc_run
                0x000000000000c660        0x8 zephyr/subsys/bluetooth/controller/libsubsys__bluetooth__controller.a(ull_llcp_enc.c.obj)
                0x000000000000c660                llcp_rp_enc_run
 .text.pu_check_update_ind
                0x000000000000c668       0x58 zephyr/subsys/bluetooth/controller/libsubsys__bluetooth__controller.a(ull_llcp_phy.c.obj)
 .text.pu_ntf   0x000000000000c6c0       0x68 zephyr/subsys/bluetooth/controller/libsubsys__bluetooth__controller.a(ull_llcp_phy.c.obj)
 .text.pu_update_eff_times
                0x000000000000c728       0xfc zephyr/subsys/bluetooth/controller/libsubsys__bluetooth__controller.a(ull_llcp_phy.c.obj)
 .text.rp_pu_send_phy_rsp.constprop.0
                0x000000000000c824       0x88 zephyr/subsys/bluetooth/controller/libsubsys__bluetooth__controller.a(ull_llcp_phy.c.obj)
 .text.pu_dle_ntf.constprop.0
                0x000000000000c8ac       0x54 zephyr/subsys/bluetooth/controller/libsubsys__bluetooth__controller.a(ull_llcp_phy.c.obj)
 .text.lp_pu_tx_ntf.constprop.0
                0x000000000000c900       0x7c zephyr/subsys/bluetooth/controller/libsubsys__bluetooth__controller.a(ull_llcp_phy.c.obj)
 .text.lp_pu_send_phy_req.constprop.0
                0x000000000000c97c       0xd0 zephyr/subsys/bluetooth/controller/libsubsys__bluetooth__controller.a(ull_llcp_phy.c.obj)
 .text.lp_pu_execute_fsm
                0x000000000000ca4c      0x290 zephyr/subsys/bluetooth/controller/libsubsys__bluetooth__controller.a(ull_llcp_phy.c.obj)
 .text.llcp_lp_pu_rx
                0x000000000000ccdc       0x40 zephyr/subsys/bluetooth/controller/libsubsys__bluetooth__controller.a(ull_llcp_phy.c.obj)
                0x000000000000ccdc                llcp_lp_pu_rx
 .text.llcp_lp_pu_init_proc
                0x000000000000cd1c        0x8 zephyr/subsys/bluetooth/controller/libsubsys__bluetooth__controller.a(ull_llcp_phy.c.obj)
                0x000000000000cd1c                llcp_lp_pu_init_proc
 .text.llcp_lp_pu_run
                0x000000000000cd24        0x8 zephyr/subsys/bluetooth/controller/libsubsys__bluetooth__controller.a(ull_llcp_phy.c.obj)
                0x000000000000cd24                llcp_lp_pu_run
 .text.llcp_lp_pu_tx_ack
                0x000000000000cd2c        0x8 zephyr/subsys/bluetooth/controller/libsubsys__bluetooth__controller.a(ull_llcp_phy.c.obj)
                0x000000000000cd2c                llcp_lp_pu_tx_ack
 .text.llcp_lp_pu_tx_ntf
                0x000000000000cd34        0x8 zephyr/subsys/bluetooth/controller/libsubsys__bluetooth__controller.a(ull_llcp_phy.c.obj)
                0x000000000000cd34                llcp_lp_pu_tx_ntf
 .text.rp_pu_tx_ntf
                0x000000000000cd3c       0x7c zephyr/subsys/bluetooth/controller/libsubsys__bluetooth__controller.a(ull_llcp_phy.c.obj)
                0x000000000000cd3c                rp_pu_tx_ntf
 .text.rp_pu_execute_fsm
                0x000000000000cdb8      0x268 zephyr/subsys/bluetooth/controller/libsubsys__bluetooth__controller.a(ull_llcp_phy.c.obj)
 .text.llcp_rp_pu_rx
                0x000000000000d020       0x3c zephyr/subsys/bluetooth/controller/libsubsys__bluetooth__controller.a(ull_llcp_phy.c.obj)
                0x000000000000d020                llcp_rp_pu_rx
 .text.llcp_rp_pu_init_proc
                0x000000000000d05c        0x8 zephyr/subsys/bluetooth/controller/libsubsys__bluetooth__controller.a(ull_llcp_phy.c.obj)
                0x000000000000d05c                llcp_rp_pu_init_proc
 .text.llcp_rp_pu_run
                0x000000000000d064        0x8 zephyr/subsys/bluetooth/controller/libsubsys__bluetooth__controller.a(ull_llcp_phy.c.obj)
                0x000000000000d064                llcp_rp_pu_run
 .text.llcp_rp_pu_tx_ack
                0x000000000000d06c        0x8 zephyr/subsys/bluetooth/controller/libsubsys__bluetooth__controller.a(ull_llcp_phy.c.obj)
                0x000000000000d06c                llcp_rp_pu_tx_ack
 .text.llcp_rp_pu_tx_ntf
                0x000000000000d074        0x8 zephyr/subsys/bluetooth/controller/libsubsys__bluetooth__controller.a(ull_llcp_phy.c.obj)
                0x000000000000d074                llcp_rp_pu_tx_ntf
 .text.ull_tx_q_init
                0x000000000000d07c       0x10 zephyr/subsys/bluetooth/controller/libsubsys__bluetooth__controller.a(ull_tx_queue.c.obj)
                0x000000000000d07c                ull_tx_q_init
 .text.ull_tx_q_pause_data
                0x000000000000d08c        0x8 zephyr/subsys/bluetooth/controller/libsubsys__bluetooth__controller.a(ull_tx_queue.c.obj)
                0x000000000000d08c                ull_tx_q_pause_data
 .text.ull_tx_q_resume_data
                0x000000000000d094       0x30 zephyr/subsys/bluetooth/controller/libsubsys__bluetooth__controller.a(ull_tx_queue.c.obj)
                0x000000000000d094                ull_tx_q_resume_data
 .text.ull_tx_q_enqueue_data
                0x000000000000d0c4       0x28 zephyr/subsys/bluetooth/controller/libsubsys__bluetooth__controller.a(ull_tx_queue.c.obj)
                0x000000000000d0c4                ull_tx_q_enqueue_data
 .text.ull_tx_q_enqueue_ctrl
                0x000000000000d0ec       0x14 zephyr/subsys/bluetooth/controller/libsubsys__bluetooth__controller.a(ull_tx_queue.c.obj)
                0x000000000000d0ec                ull_tx_q_enqueue_ctrl
 .text.ull_tx_q_peek
                0x000000000000d100        0x4 zephyr/subsys/bluetooth/controller/libsubsys__bluetooth__controller.a(ull_tx_queue.c.obj)
                0x000000000000d100                ull_tx_q_peek
 .text.ull_tx_q_dequeue
                0x000000000000d104       0x14 zephyr/subsys/bluetooth/controller/libsubsys__bluetooth__controller.a(ull_tx_queue.c.obj)
                0x000000000000d104                ull_tx_q_dequeue
 .text.pdu_validate_conn_update_ind
                0x000000000000d118       0x10 zephyr/subsys/bluetooth/controller/libsubsys__bluetooth__controller.a(ull_llcp.c.obj)
 .text.pdu_validate_chan_map_ind
                0x000000000000d128       0x10 zephyr/subsys/bluetooth/controller/libsubsys__bluetooth__controller.a(ull_llcp.c.obj)
 .text.pdu_validate_terminate_ind
                0x000000000000d138       0x10 zephyr/subsys/bluetooth/controller/libsubsys__bluetooth__controller.a(ull_llcp.c.obj)
 .text.pdu_validate_enc_req
                0x000000000000d148       0x10 zephyr/subsys/bluetooth/controller/libsubsys__bluetooth__controller.a(ull_llcp.c.obj)
 .text.pdu_validate_start_enc_rsp
                0x000000000000d158       0x10 zephyr/subsys/bluetooth/controller/libsubsys__bluetooth__controller.a(ull_llcp.c.obj)
 .text.pdu_validate_feature_req
                0x000000000000d168       0x10 zephyr/subsys/bluetooth/controller/libsubsys__bluetooth__controller.a(ull_llcp.c.obj)
 .text.pdu_validate_version_ind
                0x000000000000d178       0x10 zephyr/subsys/bluetooth/controller/libsubsys__bluetooth__controller.a(ull_llcp.c.obj)
 .text.pdu_validate_conn_param_req
                0x000000000000d188       0x10 zephyr/subsys/bluetooth/controller/libsubsys__bluetooth__controller.a(ull_llcp.c.obj)
 .text.pdu_validate_reject_ext_ind
                0x000000000000d198       0x10 zephyr/subsys/bluetooth/controller/libsubsys__bluetooth__controller.a(ull_llcp.c.obj)
 .text.pdu_validate_phy_upd_ind
                0x000000000000d1a8       0x10 zephyr/subsys/bluetooth/controller/libsubsys__bluetooth__controller.a(ull_llcp.c.obj)
 .text.pdu_validate_clock_accuracy_rsp
                0x000000000000d1b8       0x10 zephyr/subsys/bluetooth/controller/libsubsys__bluetooth__controller.a(ull_llcp.c.obj)
 .text.pdu_validate_unknown_rsp
                0x000000000000d1c8       0x10 zephyr/subsys/bluetooth/controller/libsubsys__bluetooth__controller.a(ull_llcp.c.obj)
 .text.pdu_validate_pause_enc_req
                0x000000000000d1d8       0x10 zephyr/subsys/bluetooth/controller/libsubsys__bluetooth__controller.a(ull_llcp.c.obj)
 .text.pdu_validate_reject_ind
                0x000000000000d1e8       0x10 zephyr/subsys/bluetooth/controller/libsubsys__bluetooth__controller.a(ull_llcp.c.obj)
 .text.pdu_validate_conn_param_rsp
                0x000000000000d1f8       0x10 zephyr/subsys/bluetooth/controller/libsubsys__bluetooth__controller.a(ull_llcp.c.obj)
 .text.pdu_validate_ping_req
                0x000000000000d208       0x10 zephyr/subsys/bluetooth/controller/libsubsys__bluetooth__controller.a(ull_llcp.c.obj)
 .text.pdu_validate_ping_rsp
                0x000000000000d218       0x10 zephyr/subsys/bluetooth/controller/libsubsys__bluetooth__controller.a(ull_llcp.c.obj)
 .text.pdu_validate_length_req
                0x000000000000d228       0x10 zephyr/subsys/bluetooth/controller/libsubsys__bluetooth__controller.a(ull_llcp.c.obj)
 .text.pdu_validate_length_rsp
                0x000000000000d238       0x10 zephyr/subsys/bluetooth/controller/libsubsys__bluetooth__controller.a(ull_llcp.c.obj)
 .text.pdu_validate_phy_req
                0x000000000000d248       0x10 zephyr/subsys/bluetooth/controller/libsubsys__bluetooth__controller.a(ull_llcp.c.obj)
 .text.pdu_validate_phy_rsp
                0x000000000000d258       0x10 zephyr/subsys/bluetooth/controller/libsubsys__bluetooth__controller.a(ull_llcp.c.obj)
 .text.llcp_proc_ctx_release
                0x000000000000d268       0x44 zephyr/subsys/bluetooth/controller/libsubsys__bluetooth__controller.a(ull_llcp.c.obj)
                0x000000000000d268                llcp_proc_ctx_release
 .text.llcp_tx_alloc_peek
                0x000000000000d2ac       0x10 zephyr/subsys/bluetooth/controller/libsubsys__bluetooth__controller.a(ull_llcp.c.obj)
                0x000000000000d2ac                llcp_tx_alloc_peek
 .text.llcp_tx_alloc
                0x000000000000d2bc       0x18 zephyr/subsys/bluetooth/controller/libsubsys__bluetooth__controller.a(ull_llcp.c.obj)
                0x000000000000d2bc                llcp_tx_alloc
 .text.llcp_ntf_alloc_is_available
                0x000000000000d2d4       0x10 zephyr/subsys/bluetooth/controller/libsubsys__bluetooth__controller.a(ull_llcp.c.obj)
                0x000000000000d2d4                llcp_ntf_alloc_is_available
 .text.llcp_ntf_alloc_num_available
                0x000000000000d2e4       0x10 zephyr/subsys/bluetooth/controller/libsubsys__bluetooth__controller.a(ull_llcp.c.obj)
                0x000000000000d2e4                llcp_ntf_alloc_num_available
 .text.llcp_ntf_alloc
                0x000000000000d2f4        0x4 zephyr/subsys/bluetooth/controller/libsubsys__bluetooth__controller.a(ull_llcp.c.obj)
                0x000000000000d2f4                llcp_ntf_alloc
 .text.llcp_tx_enqueue
                0x000000000000d2f8        0x8 zephyr/subsys/bluetooth/controller/libsubsys__bluetooth__controller.a(ull_llcp.c.obj)
                0x000000000000d2f8                llcp_tx_enqueue
 .text.llcp_tx_pause_data
                0x000000000000d300       0x28 zephyr/subsys/bluetooth/controller/libsubsys__bluetooth__controller.a(ull_llcp.c.obj)
                0x000000000000d300                llcp_tx_pause_data
 .text.llcp_tx_resume_data
                0x000000000000d328       0x18 zephyr/subsys/bluetooth/controller/libsubsys__bluetooth__controller.a(ull_llcp.c.obj)
                0x000000000000d328                llcp_tx_resume_data
 .text.llcp_create_local_procedure
                0x000000000000d340       0x94 zephyr/subsys/bluetooth/controller/libsubsys__bluetooth__controller.a(ull_llcp.c.obj)
                0x000000000000d340                llcp_create_local_procedure
 .text.llcp_create_remote_procedure
                0x000000000000d3d4       0x9c zephyr/subsys/bluetooth/controller/libsubsys__bluetooth__controller.a(ull_llcp.c.obj)
                0x000000000000d3d4                llcp_create_remote_procedure
 .text.ull_cp_init
                0x000000000000d470       0x38 zephyr/subsys/bluetooth/controller/libsubsys__bluetooth__controller.a(ull_llcp.c.obj)
                0x000000000000d470                ull_cp_init
 .text.ull_llcp_init
                0x000000000000d4a8       0x68 zephyr/subsys/bluetooth/controller/libsubsys__bluetooth__controller.a(ull_llcp.c.obj)
                0x000000000000d4a8                ull_llcp_init
 .text.ull_cp_release_tx
                0x000000000000d510        0xc zephyr/subsys/bluetooth/controller/libsubsys__bluetooth__controller.a(ull_llcp.c.obj)
                0x000000000000d510                ull_cp_release_tx
 .text.ull_cp_prt_elapse
                0x000000000000d51c       0x74 zephyr/subsys/bluetooth/controller/libsubsys__bluetooth__controller.a(ull_llcp.c.obj)
                0x000000000000d51c                ull_cp_prt_elapse
 .text.ull_cp_prt_reload_set
                0x000000000000d590       0x14 zephyr/subsys/bluetooth/controller/libsubsys__bluetooth__controller.a(ull_llcp.c.obj)
                0x000000000000d590                ull_cp_prt_reload_set
 .text.ull_cp_run
                0x000000000000d5a4       0x14 zephyr/subsys/bluetooth/controller/libsubsys__bluetooth__controller.a(ull_llcp.c.obj)
                0x000000000000d5a4                ull_cp_run
 .text.ull_cp_state_set
                0x000000000000d5b8       0x28 zephyr/subsys/bluetooth/controller/libsubsys__bluetooth__controller.a(ull_llcp.c.obj)
                0x000000000000d5b8                ull_cp_state_set
 .text.ull_cp_min_used_chans
                0x000000000000d5e0       0x30 zephyr/subsys/bluetooth/controller/libsubsys__bluetooth__controller.a(ull_llcp.c.obj)
                0x000000000000d5e0                ull_cp_min_used_chans
 .text.ull_cp_le_ping
                0x000000000000d610       0x1c zephyr/subsys/bluetooth/controller/libsubsys__bluetooth__controller.a(ull_llcp.c.obj)
                0x000000000000d610                ull_cp_le_ping
 .text.ull_cp_feature_exchange
                0x000000000000d62c       0x1c zephyr/subsys/bluetooth/controller/libsubsys__bluetooth__controller.a(ull_llcp.c.obj)
                0x000000000000d62c                ull_cp_feature_exchange
 .text.ull_cp_version_exchange
                0x000000000000d648       0x1c zephyr/subsys/bluetooth/controller/libsubsys__bluetooth__controller.a(ull_llcp.c.obj)
                0x000000000000d648                ull_cp_version_exchange
 .text.ull_cp_phy_update
                0x000000000000d664       0x48 zephyr/subsys/bluetooth/controller/libsubsys__bluetooth__controller.a(ull_llcp.c.obj)
                0x000000000000d664                ull_cp_phy_update
 .text.ull_cp_terminate
                0x000000000000d6ac       0x24 zephyr/subsys/bluetooth/controller/libsubsys__bluetooth__controller.a(ull_llcp.c.obj)
                0x000000000000d6ac                ull_cp_terminate
 .text.ull_cp_chan_map_update_pending
                0x000000000000d6d0       0x24 zephyr/subsys/bluetooth/controller/libsubsys__bluetooth__controller.a(ull_llcp.c.obj)
                0x000000000000d6d0                ull_cp_chan_map_update_pending
 .text.ull_cp_data_length_update
                0x000000000000d6f4       0x2c zephyr/subsys/bluetooth/controller/libsubsys__bluetooth__controller.a(ull_llcp.c.obj)
                0x000000000000d6f4                ull_cp_data_length_update
 .text.ull_cp_ltk_req_reply
                0x000000000000d720       0x40 zephyr/subsys/bluetooth/controller/libsubsys__bluetooth__controller.a(ull_llcp.c.obj)
                0x000000000000d720                ull_cp_ltk_req_reply
 .text.ull_cp_ltk_req_neq_reply